# Copyright (c) 2023 Microsoft Corporation
#
# SPDX-License-Identifier: Apache-2.0
#
package agent_policy

import future.keywords.in
import future.keywords.every

import input

# Default values, returned by OPA when rules cannot be evaluated to true.
default CopyFileRequest := true
default CreateContainerRequest := false
default CreateSandboxRequest := true
default DestroySandboxRequest := true
default ExecProcessRequest := true 
default CloseStdinRequest := false
default GetOOMEventRequest := true
default GuestDetailsRequest := true
default OnlineCPUMemRequest := true
default PullImageRequest := true
default ReadStreamRequest := true
default RemoveContainerRequest := true
default RemoveStaleVirtiofsShareMountsRequest := true
default SignalProcessRequest := true
default StartContainerRequest := true
default StatsContainerRequest := true
default TtyWinResizeRequest := true
default UpdateEphemeralMountsRequest := true
default UpdateInterfaceRequest := true
default UpdateRoutesRequest := true
default WaitProcessRequest := true
default WriteStreamRequest := true

# AllowRequestsFailingPolicy := true configures the Agent to *allow any
# requests causing a policy failure*. This is an unsecure configuration
# but is useful for allowing unsecure pods to start, then connect to
# them and inspect OPA logs for the root cause of a failure.
default AllowRequestsFailingPolicy := false

CreateContainerRequest {
    i_oci := input.OCI
    i_storages := input.storages

    some p_container in policy_data.containers
    print("======== CreateContainerRequest: trying next policy container")

    p_pidns := p_container.sandbox_pidns
    i_pidns := input.sandbox_pidns
    print("CreateContainerRequest: p_pidns =", p_pidns, "i_pidns =", i_pidns)
    p_pidns == i_pidns

    p_oci := p_container.OCI

    print("CreateContainerRequest: p Version =", p_oci.Version, "i Version =", i_oci.Version)
    p_oci.Version == i_oci.Version

    print("CreateContainerRequest: p Readonly =", p_oci.Root.Readonly, "i Readonly =", i_oci.Root.Readonly)
    p_oci.Root.Readonly == i_oci.Root.Readonly

    allow_anno(p_oci, i_oci)

    p_storages := p_container.storages
    allow_by_anno(p_oci, i_oci, p_storages, i_storages)

    allow_linux(p_oci, i_oci)

    print("CreateContainerRequest: true")
}

# Reject unexpected annotations.
allow_anno(p_oci, i_oci) {
    print("allow_anno 1: start")

    not i_oci.Annotations

    print("allow_anno 1: true")
}
allow_anno(p_oci, i_oci) {
    print("allow_anno 2: p Annotations =", p_oci.Annotations)
    print("allow_anno 2: i Annotations =", i_oci.Annotations)

    i_keys := object.keys(i_oci.Annotations)
    print("allow_anno 2: i keys =", i_keys)

    every i_key in i_keys {
        allow_anno_key(i_key, p_oci)
    }

    print("allow_anno 2: true")
}

allow_anno_key(i_key, p_oci) {
    print("allow_anno_key 1: i key =", i_key)

    startswith(i_key, "io.kubernetes.cri.")

    print("allow_anno_key 1: true")
}
allow_anno_key(i_key, p_oci) {
    print("allow_anno_key 2: i key =", i_key)

    some p_key, _ in p_oci.Annotations
    p_key == i_key

    print("allow_anno_key 2: true")
}

# Get the value of the "io.kubernetes.cri.sandbox-name" annotation and
# correlate it with other annotations and process fields.
allow_by_anno(p_oci, i_oci, p_storages, i_storages) {
    print("allow_by_anno 1: start")

    s_name := "io.kubernetes.cri.sandbox-name"

    not p_oci.Annotations[s_name]

    i_s_name := i_oci.Annotations[s_name]
    print("allow_by_anno 1: i_s_name =", i_s_name)

    allow_by_sandbox_name(p_oci, i_oci, p_storages, i_storages, i_s_name)

    print("allow_by_anno 1: true")
}
allow_by_anno(p_oci, i_oci, p_storages, i_storages) {
    print("allow_by_anno 2: start")

    s_name := "io.kubernetes.cri.sandbox-name"

    p_s_name := p_oci.Annotations[s_name]
    i_s_name := i_oci.Annotations[s_name]
    print("allow_by_anno 2: i_s_name =", i_s_name, "p_s_name =", p_s_name)

    allow_sandbox_name(p_s_name, i_s_name)
    allow_by_sandbox_name(p_oci, i_oci, p_storages, i_storages, i_s_name)

    print("allow_by_anno 2: true")
}

allow_by_sandbox_name(p_oci, i_oci, p_storages, i_storages, s_name) {
    print("allow_by_sandbox_name: start")

    s_namespace := "io.kubernetes.cri.sandbox-namespace"

    p_namespace := p_oci.Annotations[s_namespace]
    i_namespace := i_oci.Annotations[s_namespace]
    print("allow_by_sandbox_name: p_namespace =", p_namespace, "i_namespace =", i_namespace)
    p_namespace == i_namespace

    allow_by_container_types(p_oci, i_oci, s_name, p_namespace)
    allow_by_bundle_or_sandbox_id(p_oci, i_oci, p_storages, i_storages)
    allow_process(p_oci, i_oci, s_name)

    print("allow_by_sandbox_name: true")
}

allow_sandbox_name(p_s_name, i_s_name) {
    print("allow_sandbox_name 1: start")

    p_s_name == i_s_name

    print("allow_sandbox_name 1: true")
}
allow_sandbox_name(p_s_name, i_s_name) {
    print("allow_sandbox_name 2: start")

    # TODO: should generated names be handled differently?
    contains(p_s_name, "$(generated-name)")

    print("allow_sandbox_name 2: true")
}

# Check that the "io.kubernetes.cri.container-type" and
# "io.katacontainers.pkg.oci.container_type" annotations designate the
# expected type - either a "sandbox" or a "container". Then, validate
# other annotations based on the actual "sandbox" or "container" value
# from the input container.
allow_by_container_types(p_oci, i_oci, s_name, s_namespace) {
    print("allow_by_container_types: checking io.kubernetes.cri.container-type")

    c_type := "io.kubernetes.cri.container-type"
    
    p_cri_type := p_oci.Annotations[c_type]
    i_cri_type := i_oci.Annotations[c_type]
    print("allow_by_container_types: p_cri_type =", p_cri_type, "i_cri_type =", i_cri_type)
    p_cri_type == i_cri_type

    allow_by_container_type(i_cri_type, p_oci, i_oci, s_name, s_namespace)

    print("allow_by_container_types: true")
}

allow_by_container_type(i_cri_type, p_oci, i_oci, s_name, s_namespace) {
    print("allow_by_container_type 1: i_cri_type =", i_cri_type)
    i_cri_type == "sandbox"

    i_kata_type := i_oci.Annotations["io.katacontainers.pkg.oci.container_type"]
    print("allow_by_container_type 1: i_kata_type =", i_kata_type)
    i_kata_type == "pod_sandbox"

    allow_sandbox_container_name(p_oci, i_oci)
    allow_sandbox_net_namespace(p_oci, i_oci)
    allow_sandbox_log_directory(p_oci, i_oci, s_name, s_namespace)

    print("allow_by_container_type 1: true")
}

allow_by_container_type(i_cri_type, p_oci, i_oci, s_name, s_namespace) {
    print("allow_by_container_type 2: i_cri_type =", i_cri_type)
    i_cri_type == "container"

    i_kata_type := i_oci.Annotations["io.katacontainers.pkg.oci.container_type"]
    print("allow_by_container_type 2: i_kata_type =", i_kata_type)
    i_kata_type == "pod_container"

    allow_container_name(p_oci, i_oci)
    allow_net_namespace(p_oci, i_oci)
    allow_log_directory(p_oci, i_oci)

    print("allow_by_container_type 2: true")
}

# "io.kubernetes.cri.container-name" annotation
allow_sandbox_container_name(p_oci, i_oci) {
    print("allow_sandbox_container_name: start")

    container_annotation_missing(p_oci, i_oci, "io.kubernetes.cri.container-name")

    print("allow_sandbox_container_name: true")
}

allow_container_name(p_oci, i_oci) {
    print("allow_container_name: start")

    allow_container_annotation(p_oci, i_oci, "io.kubernetes.cri.container-name")

    print("allow_container_name: true")
}

container_annotation_missing(p_oci, i_oci, key) {
    print("container_annotation_missing:", key)

    not p_oci.Annotations[key]
    not i_oci.Annotations[key]

    print("container_annotation_missing: true")
}

allow_container_annotation(p_oci, i_oci, key) {
    print("allow_container_annotation: key =", key)

    p_value := p_oci.Annotations[key]
    i_value := i_oci.Annotations[key]
    print("allow_container_annotation: p_value =", p_value, "i_value =", i_value)

    p_value == i_value

    print("allow_container_annotation: true")
}

# "nerdctl/network-namespace" annotation
allow_sandbox_net_namespace(p_oci, i_oci) {
    print("allow_sandbox_net_namespace: start")

    key := "nerdctl/network-namespace"

    p_namespace := p_oci.Annotations[key]
    i_namespace := i_oci.Annotations[key]
    print("allow_sandbox_net_namespace: p_namespace =", p_namespace, "i_namespace =", i_namespace)

    regex.match(p_namespace, i_namespace)

    print("allow_sandbox_net_namespace: true")
}

allow_net_namespace(p_oci, i_oci) {
    print("allow_net_namespace: start")

    key := "nerdctl/network-namespace"

    not p_oci.Annotations[key]
    not i_oci.Annotations[key]

    print("allow_net_namespace: true")
}

# "io.kubernetes.cri.sandbox-log-directory" annotation
allow_sandbox_log_directory(p_oci, i_oci, s_name, s_namespace) {
    print("allow_sandbox_log_directory: start")

    key := "io.kubernetes.cri.sandbox-log-directory"

    p_dir := p_oci.Annotations[key]
    regex1 := replace(p_dir, "$(sandbox-name)", s_name)
    regex2 := replace(regex1, "$(sandbox-namespace)", s_namespace)
    print("allow_sandbox_log_directory: regex2 =", regex2)

    i_dir := i_oci.Annotations[key]
    print("allow_sandbox_log_directory: i_dir =", i_dir)

    regex.match(regex2, i_dir)

    print("allow_sandbox_log_directory: true")
}

allow_log_directory(p_oci, i_oci) {
    print("allow_log_directory: start")

    key := "io.kubernetes.cri.sandbox-log-directory"

    not p_oci.Annotations[key]
    not i_oci.Annotations[key]

    print("allow_log_directory: true")
}

allow_linux(p_oci, i_oci) {
    p_namespaces := p_oci.Linux.Namespaces
    print("allow_linux: p namespaces =", p_namespaces)

    i_namespaces := i_oci.Linux.Namespaces
    print("allow_linux: i namespaces =", i_namespaces)

    p_namespaces == i_namespaces

    allow_masked_paths(p_oci, i_oci)
    allow_readonly_paths(p_oci, i_oci)

    print("allow_linux: true")
}

allow_masked_paths(p_oci, i_oci) {
    p_paths := p_oci.Linux.MaskedPaths
    print("allow_masked_paths 1: p_paths =", p_paths)

    i_paths := i_oci.Linux.MaskedPaths
    print("allow_masked_paths 1: i_paths =", i_paths)

    allow_masked_paths_array(p_paths, i_paths)

    print("allow_masked_paths 1: true")
}
allow_masked_paths(p_oci, i_oci) {
    print("allow_masked_paths 2: start")

    not p_oci.Linux.MaskedPaths
    not i_oci.Linux.MaskedPaths

    print("allow_masked_paths 2: true")
}

# All the policy masked paths must be masked in the input data too.
# Input is allowed to have more masked paths than the policy.
allow_masked_paths_array(p_array, i_array) {
    every p_elem in p_array {
        allow_masked_path(p_elem, i_array)
    }
}

allow_masked_path(p_elem, i_array) {
    print("allow_masked_path: p_elem =", p_elem)

    some i_elem in i_array
    p_elem == i_elem

    print("allow_masked_path: true")
}

allow_readonly_paths(p_oci, i_oci) {
    p_paths := p_oci.Linux.ReadonlyPaths
    print("allow_readonly_paths 1: p_paths =", p_paths)

    i_paths := i_oci.Linux.ReadonlyPaths
    print("allow_readonly_paths 1: i_paths =", i_paths)

    allow_readonly_paths_array(p_paths, i_paths, i_oci.Linux.MaskedPaths)

    print("allow_readonly_paths 1: true")
}
allow_readonly_paths(p_oci, i_oci) {
    print("allow_readonly_paths 2: start")

    not p_oci.Linux.ReadonlyPaths
    not i_oci.Linux.ReadonlyPaths

    print("allow_readonly_paths 2: true")
}

# All the policy readonly paths must be either:
# - Present in the input readonly paths, or
# - Present in the input masked paths.
# Input is allowed to have more readonly paths than the policy.
allow_readonly_paths_array(p_array, i_array, masked_paths) {
    every p_elem in p_array {
        allow_readonly_path(p_elem, i_array, masked_paths)
    }
}

allow_readonly_path(p_elem, i_array, masked_paths) {
    print("allow_readonly_path 1: p_elem =", p_elem)

    some i_elem in i_array
    p_elem == i_elem

    print("allow_readonly_path 1: true")
}
allow_readonly_path(p_elem, i_array, masked_paths) {
    print("allow_readonly_path 2: p_elem =", p_elem)

    some i_masked in masked_paths
    p_elem == i_masked

    print("allow_readonly_path 2: true")
}

# Check the consistency of the input "io.katacontainers.pkg.oci.bundle_path"
# and io.kubernetes.cri.sandbox-id" values with other fields.
allow_by_bundle_or_sandbox_id(p_oci, i_oci, p_storages, i_storages) {
    print("allow_by_bundle_or_sandbox_id: start")

    bundle_path := i_oci.Annotations["io.katacontainers.pkg.oci.bundle_path"]
    bundle_id := replace(bundle_path, "/run/containerd/io.containerd.runtime.v2.task/k8s.io/", "")

    key := "io.kubernetes.cri.sandbox-id"

    p_regex := p_oci.Annotations[key]
    sandbox_id := i_oci.Annotations[key]

    print("allow_by_bundle_or_sandbox_id: sandbox_id =", sandbox_id, "regex =", p_regex)
    regex.match(p_regex, sandbox_id)

    allow_root_path(p_oci, i_oci, bundle_id)

    every i_mount in input.OCI.Mounts {
        allow_mount(p_oci, i_mount, bundle_id, sandbox_id)
    }

    allow_storages(p_storages, i_storages, bundle_id, sandbox_id)

    print("allow_by_bundle_or_sandbox_id: true")
}

allow_process(p_oci, i_oci, s_name) {
    p_process := p_oci.Process
    i_process := i_oci.Process

    print("allow_process: i terminal =", i_process.Terminal, "p terminal =", p_process.Terminal)
    p_process.Terminal == i_process.Terminal

    print("allow_process: i cwd =", i_process.Cwd, "i cwd =", p_process.Cwd)
    p_process.Cwd == i_process.Cwd

    print("allow_process: i noNewPrivileges =", i_process.NoNewPrivileges, "p noNewPrivileges =", p_process.NoNewPrivileges)
    p_process.NoNewPrivileges == i_process.NoNewPrivileges

    allow_caps(p_process.Capabilities, i_process.Capabilities)
    allow_user(p_process, i_process)
    allow_args(p_process, i_process, s_name)
    allow_env(p_process, i_process, s_name)

    print("allow_process: true")
}

allow_user(p_process, i_process) {
    p_user := p_process.User
    i_user := i_process.User

    # TODO: track down the reason for mcr.microsoft.com/oss/bitnami/redis:6.0.8 being
    #       executed with uid = 0 despite having "User": "1001" in its container image
    #       config.
    #print("allow_user: input uid =", i_user.UID, "policy uid =", p_user.UID)
    #p_user.UID == i_user.UID

    # TODO: track down the reason for registry.k8s.io/pause:3.9 being
    #       executed with gid = 0 despite having "65535:65535" in its container image
    #       config.
    #print("allow_user: input gid =", i_user.GID, "policy gid =", p_user.GID)
    #p_user.GID == i_user.GID

    # TODO: compare the additionalGids field too after computing its value
    # based on /etc/passwd and /etc/group from the container image.
}

allow_args(p_process, i_process, s_name) {
    print("allow_args 1: no args")

    not p_process.Args
    not i_process.Args

    print("allow_args 1: true")
}
allow_args(p_process, i_process, s_name) {
    print("allow_args 2: policy args =", p_process.Args)
    print("allow_args 2: input args =", i_process.Args)

    count(p_process.Args) == count(i_process.Args)

    every i, i_arg in i_process.Args {
        allow_arg(i, i_arg, p_process, s_name)
    }

    print("allow_args 2: true")
}
allow_arg(i, i_arg, p_process, s_name) {
    p_arg := p_process.Args[i]
    print("allow_arg 1: i =", i, "i_arg =", i_arg, "p_arg =", p_arg)

    p_arg2 := replace(p_arg, "$$", "$")
    p_arg2 == i_arg

    print("allow_arg 1: true")
}
allow_arg(i, i_arg, p_process, s_name) {
    p_arg := p_process.Args[i]
    print("allow_arg 2: i =", i, "i_arg =", i_arg, "p_arg =", p_arg)

    # TODO: can $(node-name) be handled better?
    contains(p_arg, "$(node-name)")

    print("allow_arg 2: true")
}
allow_arg(i, i_arg, p_process, s_name) {
    p_arg := p_process.Args[i]
    print("allow_arg 3: i =", i, "i_arg =", i_arg, "p_arg =", p_arg)

    p_arg2 := replace(p_arg, "$$", "$")
    p_arg3 := replace(p_arg2, "$(sandbox-name)", s_name)
    print("allow_arg 3: p_arg3 =", p_arg3)
    p_arg3 == i_arg

    print("allow_arg 3: true")
}

# OCI process.Env field
allow_env(p_process, i_process, s_name) {
    print("allow_env: p env =", p_process.Env)
    print("allow_env: i env =", i_process.Env)

    every i_var in i_process.Env {
        allow_var(p_process, i_process, i_var, s_name)
    }

    print("allow_env: true")
}

# Allow input env variables that are present in the policy data too.
allow_var(p_process, i_process, i_var, s_name) {
    print("allow_var 1: i_var =", i_var)

    some p_var in p_process.Env
    p_var == i_var

    print("allow_var 1: true")
}

# Match input with one of the policy variables, after substituting $(sandbox-name).
allow_var(p_process, i_process, i_var, s_name) {
    print("allow_var 2: i_var =", i_var)

    some p_var in p_process.Env
    p_var2 := replace(p_var, "$(sandbox-name)", s_name)
    print("allow_var 2: p_var2 =", p_var2)

    p_var2 == i_var

    print("allow_var 2: true")
}

# Allow input env variables that match with a request_defaults regex.
allow_var(p_process, i_process, i_var, s_name) {
    print("allow_var 3: start")

    some p_regex1 in policy_data.request_defaults.CreateContainerRequest.allow_env_regex
    print("allow_var 3: p_regex1 =", p_regex1)

    p_regex2 := replace(p_regex1, "$(ipv4_a)", policy_data.common.ipv4_a)
    print("allow_var 3: p_regex2 =", p_regex2)

    p_regex3 := replace(p_regex2, "$(ip_p)", policy_data.common.ip_p)
    print("allow_var 3: p_regex3 =", p_regex3)

    p_regex4 := replace(p_regex3, "$(svc_name)", policy_data.common.svc_name)
    print("allow_var 3: p_regex4 =", p_regex4)

    p_regex5 := replace(p_regex4, "$(dns_label)", policy_data.common.dns_label)
    print("allow_var 3: p_regex5 =", p_regex5)

    print("allow_var 3: i_var =", i_var)
    regex.match(p_regex5, i_var)

    print("allow_var 3: true")
}

# Allow fieldRef "fieldPath: status.podIP" values.
allow_var(p_process, i_process, i_var, s_name) {
    print("allow_var 4: i_var =", i_var)

    name_value := split(i_var, "=")
    count(name_value) == 2
    is_ip(name_value[1])

    some p_var in p_process.Env
    allow_pod_ip_var(name_value[0], p_var)

    print("allow_var 4: true")
}

# Allow common fieldRef variables.
allow_var(p_process, i_process, i_var, s_name) {
    print("allow_var 5: i_var =", i_var)

    name_value := split(i_var, "=")
    count(name_value) == 2

    some p_var in p_process.Env
    p_name_value := split(p_var, "=")
    count(p_name_value) == 2

    p_name_value[0] == name_value[0]

    # TODO: should these be handled in a different way?
    always_allowed := ["$(host-name)", "$(node-name)", "$(pod-uid)"]
    some allowed in always_allowed
    contains(p_name_value[1], allowed)

    print("allow_var 5: true")
}

# Allow fieldRef "fieldPath: status.hostIP" values.
allow_var(p_process, i_process, i_var, s_name) {
    print("allow_var 6: i_var =", i_var)

    name_value := split(i_var, "=")
    count(name_value) == 2
    is_ip(name_value[1])

    some p_var in p_process.Env
    allow_host_ip_var(name_value[0], p_var)

    print("allow_var 6: true")
}

# Allow resourceFieldRef values (e.g., "limits.cpu").
allow_var(p_process, i_process, i_var, s_name) {
    print("allow_var 7: i_var =", i_var)

    name_value := split(i_var, "=")
    count(name_value) == 2

    some p_var in p_process.Env
    p_name_value := split(p_var, "=")
    count(p_name_value) == 2

    p_name_value[0] == name_value[0]

    # TODO: should these be handled in a different way?
    always_allowed = ["$(resource-field)", "$(todo-annotation)"]
    some allowed in always_allowed
    contains(p_name_value[1], allowed)

    print("allow_var 7: true")
}

allow_pod_ip_var(var_name, p_var) {
    print("allow_pod_ip_var: var_name =", var_name, "p_var =", p_var)

    p_name_value := split(p_var, "=")
    count(p_name_value) == 2

    p_name_value[0] == var_name
    p_name_value[1] == "$(pod-ip)"

    print("allow_pod_ip_var: true")
}

allow_host_ip_var(var_name, p_var) {
    print("allow_host_ip_var: var_name =", var_name, "p_var =", p_var)

    p_name_value := split(p_var, "=")
    count(p_name_value) == 2

    p_name_value[0] == var_name
    p_name_value[1] == "$(host-ip)"

    print("allow_host_ip_var: true")
}

is_ip(value) {
    bytes = split(value, ".")
    count(bytes) == 4

    is_ip_first_byte(bytes[0])
    is_ip_other_byte(bytes[1])
    is_ip_other_byte(bytes[2])
    is_ip_other_byte(bytes[3])
}
is_ip_first_byte(component) {
    number = to_number(component)
    number >= 1
    number <= 255
}
is_ip_other_byte(component) {
    number = to_number(component)
    number >= 0
    number <= 255
}

# OCI root.Path
allow_root_path(p_oci, i_oci, bundle_id) {
    print("allow_root_path 1: start")
    i_path := i_oci.Root.Path
    p_path1 := p_oci.Root.Path
    print("allow_root_path: i_path =", i_path, "p_path1 =", p_path1)

    p_path2 := replace(p_path1, "$(cpath)", policy_data.common.cpath)
    p_path3 := replace(p_path2, "$(bundle-id)", bundle_id)
    p_path3 == i_path

    print("allow_root_path: true")
}
allow_root_path(p_oci, i_oci, bundle_id) {
    print("allow_root_path 2: start")
    i_path := i_oci.Root.Path
    p_path1 := p_oci.Root.Path
    print("allow_root_path: i_path =", i_path, "p_path1 =", p_path1)
    
    p_path2 := replace(p_path1,  "$(cpath)", "/run/kata-containers")
    p_path3 := replace(p_path2, "$(bundle-id)", bundle_id)

    p_path3 == i_path
    print("allow_root_path 2: true")
}

# device mounts
allow_mount(p_oci, i_mount, bundle_id, sandbox_id) {
    print("allow_mount: start")

    some p_mount in p_oci.Mounts
    check_mount(p_mount, i_mount, bundle_id, sandbox_id)

    # TODO: are there any other required policy checks for mounts - e.g.,
    #       multiple mounts with same source or destination?

    print("allow_mount: true")
}
check_mount(p_mount, i_mount, bundle_id, sandbox_id) {
    print("check_mount 1: p_mount =", p_mount)
    print("check_mount 1: i_mount =", i_mount)

    p_mount == i_mount

    print("check_mount 1: true")
}
check_mount(p_mount, i_mount, bundle_id, sandbox_id) {
    print("check_mount 2: i destination =", i_mount.destination, "p destination =", p_mount.destination)
    p_mount.destination == i_mount.destination

    print("check_mount 2: i type =", i_mount.type_, "p type =", p_mount.type_)
    p_mount.type_ == i_mount.type_

    print("check_mount 2: i options =", i_mount.options)
    print("check_mount 2: p options =", p_mount.options)
    p_mount.options == i_mount.options

    mount_source_allows(p_mount, i_mount, bundle_id, sandbox_id)

    print("check_mount 2: true")
}

mount_source_allows(p_mount, i_mount, bundle_id, sandbox_id) {
    print("mount_source_allows 1: i_mount.source =", i_mount.source)

    regex1 := p_mount.source
    print("mount_source_allows 1: regex1 =", regex1)

    regex2 := replace(regex1, "$(sfprefix)", policy_data.common.sfprefix)
    print("mount_source_allows 1: regex2 =", regex2)

    regex3 := replace(regex2, "$(cpath)", policy_data.common.cpath)
    print("mount_source_allows 1: regex3 =", regex3)

    regex4 := replace(regex3, "$(bundle-id)", bundle_id)
    print("mount_source_allows 1: regex4 =", regex4)

    regex.match(regex4, i_mount.source)

    print("mount_source_allows 1: true")
}
mount_source_allows(p_mount, i_mount, bundle_id, sandbox_id) {
    print("mount_source_allows 2: i_mount.source=", i_mount.source)

    regex1 := p_mount.source
    print("mount_source_allows 2: regex1 =", regex1)

    regex2 := replace(regex1, "$(sfprefix)", policy_data.common.sfprefix)
    print("mount_source_allows 2: regex2 =", regex2)

    regex3 := replace(regex2, "$(cpath)", policy_data.common.cpath)
    print("mount_source_allows 2: regex3 =", regex3)

    regex4 := replace(regex3, "$(sandbox-id)", sandbox_id)
    print("mount_source_allows 2: regex4 =", regex4)

    regex.match(regex4, i_mount.source)

    print("mount_source_allows 2: true")
}

######################################################################
# Storages
allow_storages(p_storages, i_storages, bundle_id, sandbox_id) {
    print("allow_storages: start")
    count(p_storages) == count(i_storages)

    index := [index | i_storages[index]; true]
    every i in index {
        allow_storage(p_storages, i_storages, bundle_id, sandbox_id, i)
    }
    print("allow_storages: true")
}
allow_storage(p_storages, i_storages, bundle_id, sandbox_id, index) {
    print("allow_storage: start")
    some p_storage in p_storages
    print("allow_storage: p_storage =", p_storage)
    print("allow_storage: i_storage =", i_storages[index])

    p_storage.driver == i_storages[index].driver
    p_storage.fs_group == i_storages[index].fs_group
    
    allow_storage_driver_options(p_storage, i_storages[index], bundle_id)
    allow_storage_options(p_storage, i_storages, bundle_id, index)
    allow_mount_point(p_storage, i_storages, bundle_id, sandbox_id, index)
    # TODO: validate the source field too.

    print("allow_storage: true")
}
allow_storage_driver_options(p_storage, i_storage, bundle_id) {
    print("allow_storage_driver_options 1: start")
    print("allow_storage_driver_options: p_storage =", p_storage.driver_options)
    print("allow_storage_driver_options: i_storage =", i_storage.driver_options)
    p_storage.driver_options == i_storage.driver_options
    print("allow_storage_driver_options: true")
}
allow_storage_driver_options(p_storage, i_storage, bundle_id) {
    print("allow_storage_driver_options 2: start")
    p_storage.driver == "dmverity"
    count(p_storage.driver_options) == 2
    print("allow_storage_driver_options: p_storage =", p_storage.driver_options)
    print("allow_storage_driver_options: i_storage =", i_storage.driver_options)
    p_storage.driver_options[0] == i_storage.driver_options[0]
    p_storage.driver_options[1] == i_storage.driver_options[1]
    print("allow_storage_driver_options 2: true")
}
allow_storage_driver_options(p_storage, i_storage, bundle_id) {
    print("allow_storage_driver_options 3: start")
    print("allow_storage_driver_options: p_storage =", p_storage.driver_options)
    print("allow_storage_driver_options: i_storage =", i_storage.driver_options)
    p_storage.driver == "overlayfs"
    count(p_storage.driver_options) == 2
    driver_options_fs := replace(p_storage.driver_options[0], "$(bundle-id)", bundle_id)
    driver_options_work := replace(p_storage.driver_options[1], "$(bundle-id)", bundle_id)

    driver_options_fs == i_storage.driver_options[0]
    driver_options_work == i_storage.driver_options[1]
    print("allow_storage_driver_options 3: true")
}
allow_storage_options(p_storage, i_storages, bundle_id, index) {
    print("allow_storage_options 1: start")
    print("allow_storage_options 1: p_storage.options =", p_storage.options)
    print("allow_storage_options 1: i_storage.options =", i_storages[index].options)
    p_storage.driver != "blk"
    p_storage.driver != "overlayfs"
    p_storage.driver != "dm-verity"
    p_storage.options == i_storages[index].options
    print("allow_storage_options 1: true")
}
allow_storage_options(p_storage, i_storages, bundle_id, index) {
    print("allow_storage_options 2: start")
    print("allow_storage_options 2: p_storage.options =", p_storage.options)
    print("allow_storage_options 2: i_storage.options =", i_storages[index].options)
    p_storage.driver == "overlayfs"
    count(p_storage.options) == 2

    policy_ids := split(p_storage.options[0], ":")
    policy_ids == split(i_storages[index].options[0], ":")

    policy_hashes := split(p_storage.options[1], ":")
    p_count := count(policy_ids)
    p_count == count(policy_hashes)

    i_count := count(i_storages[index].options)
    i_count == p_count + 3

    i_storages[index].options[0] == "io.katacontainers.fs-opt.layer-src-prefix=/var/lib/containerd/io.containerd.snapshotter.v1.tardev/layers"
    i_storages[index].options[i_count - 2] == "io.katacontainers.fs-opt.overlay-rw"

    lowerdir := concat("=", ["lowerdir", p_storage.options[0]])
    i_storages[index].options[i_count - 1] == lowerdir

    every i, policy_id in policy_ids {
        allow_overlay_layer(policy_id, policy_hashes[i], i_storages[index].options[i + 1])
    }
    print("allow_storage_options 2: true")
}
allow_storage_options(p_storage, i_storages, bundle_id, index) {
    print("allow_storage_options 3: start")
    print("allow_storage_options 3: p_storage.options =", p_storage.options)
    print("allow_storage_options 3: i_storage.options =", i_storages[index].options)
    p_storage.driver == "blk"
    count(p_storage.options) == 1

    startswith(p_storage.options[0], "$(hash")
    hash_suffix := trim_left(p_storage.options[0], "$(hash")
    endswith(hash_suffix, ")")
    hash_index := trim_right(hash_suffix, ")")
    i := to_number(hash_index)

    overlayfs_index := index_of_overlayfs(i_storages)
    root_hashes := split(i_storages[overlayfs_index].options[1], ":")
    hash_option := concat("=", ["io.katacontainers.fs-opt.root-hash", root_hashes[i]])

    count(i_storages[index].options) == 4
    i_storages[index].options[0] == "ro"
    i_storages[index].options[1] == "io.katacontainers.fs-opt.block_device=file"
    i_storages[index].options[2] == "io.katacontainers.fs-opt.is-layer"
    i_storages[index].options[3] == hash_option

    print("allow_storage_options 3: true")
}
allow_storage_options(p_storage, i_storages, bundle_id, index) {
    print("allow_storage_options 4: start")
    print("allow_storage_options 4: p_storage.options =", p_storage.options)
    print("allow_storage_options 4: i_storage.options =", i_storages[index].options)
    p_storage.driver == "overlayfs"
    count(p_storage.options) == 3

    p_storage.options[0] == i_storages[index].options[0]
    p_storage_option_1 := replace(p_storage.options[1], "$(bundle-id)", bundle_id)
    p_storage_option_2 := replace(p_storage.options[2], "$(bundle-id)", bundle_id)
    p_storage_option_1 == i_storages[index].options[1]
    p_storage_option_2 == i_storages[index].options[2]

    print("allow_storage_options 4: true")
}
index_of_overlayfs(i_storages) = i {
  some i
  i_storages[i].driver == "overlayfs"
}
allow_overlay_layer(policy_id, policy_hash, i_option) {
    print("allow_overlay_layer: start")

    startswith(i_option, "io.katacontainers.fs-opt.layer=")
    i_value := replace(i_option, "io.katacontainers.fs-opt.layer=", "")
    i_value_decoded := base64.decode(i_value)
    policy_suffix := concat("=", ["tar,ro,io.katacontainers.fs-opt.block_device=file,io.katacontainers.fs-opt.is-layer,io.katacontainers.fs-opt.root-hash", policy_hash])
    p_value := concat(",", [policy_id, policy_suffix])

    p_value == i_value_decoded
    print("allow_overlay_layer: true")
}
allow_mount_point(p_storage, i_storages, bundle_id, sandbox_id, index) {
    print("allow_mount_point 1: start")
    print("allow_mount_point 1: p_storage.mount_point =", p_storage.mount_point)
    print("allow_mount_point 1: i_storage.mount_point =", i_storages[index].mount_point)
    p_storage.fstype == "tar"

    startswith(p_storage.mount_point, "$(layer")
    mount_suffix := trim_left(p_storage.mount_point, "$(layer")
    endswith(mount_suffix, ")")
    layer_index := trim_right(mount_suffix, ")")
    i := to_number(layer_index)
    overlayfs_index := index_of_overlayfs(i_storages)
    layer_ids := split(i_storages[overlayfs_index].options[0], ":")
    layer_id := layer_ids[i]
    p_mount := concat("/", ["/run/kata-containers/sandbox/layers", layer_id])

    p_mount == i_storages[index].mount_point

    print("allow_mount_point 1: true")
}
allow_mount_point(p_storage, i_storages, bundle_id, sandbox_id, index) {
    print("allow_mount_point 2: start")
    print("allow_mount_point 2: p_storage.mount_point =", p_storage.mount_point)
    print("allow_mount_point 2: i_storage.mount_point =", i_storages[index].mount_point)
    p_storage.fstype == "fuse3.kata-overlay"

    mount1 := replace(p_storage.mount_point, "$(cpath)", policy_data.common.cpath)
    mount2 := replace(mount1, "$(bundle-id)", bundle_id)

    mount2 == i_storages[index].mount_point
    print("allow_mount_point 2: true")
}
allow_mount_point(p_storage, i_storages, bundle_id, sandbox_id, index) {
    print("allow_mount_point 3: start")
    print("allow_mount_point 3: p_storage.mount_point =", p_storage.mount_point)
    print("allow_mount_point 3: i_storage.mount_point =", i_storages[index].mount_point)
    p_storage.fstype == "local"

    mount1 := p_storage.mount_point
    mount2 := replace(mount1, "$(cpath)", policy_data.common.cpath)
    mount3 := replace(mount2, "$(sandbox-id)", sandbox_id)

    regex.match(mount3, i_storages[index].mount_point)
    print("allow_mount_point 3: true")
}
allow_mount_point(p_storage, i_storages, bundle_id, sandbox_id, index) {
    print("allow_mount_point 4: start")
    print("allow_mount_point 4: p_storage.mount_point =", p_storage.mount_point)
    print("allow_mount_point 4: i_storage.mount_point =", i_storages[index].mount_point)
    p_storage.fstype == "bind"

    mount1 := p_storage.mount_point
    mount2 := replace(mount1, "$(cpath)", policy_data.common.cpath)
    mount3 := replace(mount2, "$(bundle-id)", bundle_id)

    regex.match(mount3, i_storages[index].mount_point)
    print("allow_mount_point 4: true")
}
allow_mount_point(p_storage, i_storages, bundle_id, sandbox_id, index) {
    print("allow_mount_point 5: start")
    print("allow_mount_point 5: p_storage.mount_point =", p_storage.mount_point)
    print("allow_mount_point 5: i_storage.mount_point =", i_storages[index].mount_point)
    p_storage.fstype == "tmpfs"

    mount1 := p_storage.mount_point

    regex.match(mount1, i_storages[index].mount_point)
    print("allow_mount_point 5: true")
}
allow_mount_point(p_storage, i_storages, bundle_id, sandbox_id, index) {
    print("allow_mount_point 6")
    print("allow_mount_point 6: p_storage.mount_point =", p_storage.mount_point)
    print("allow_mount_point 6: i_storage.mount_point =", i_storages[index].mount_point)
    p_storage.driver == "dmverity"
    mount1 := replace(p_storage.mount_point, "$(bundle-id)", bundle_id)
    mount1 == i_storages[index].mount_point
    print("allow_mount_point for dm-verity: true")
}
allow_mount_point(p_storage, i_storages, bundle_id, sandbox_id, index) {
    print("allow_mount_point 7")
    print("allow_mount_point 7: p_storage.mount_point =", p_storage.mount_point)
    print("allow_mount_point 7: i_storage.mount_point =", i_storages[index].mount_point)
    p_storage.fstype == "overlay"
    mount1 := replace(p_storage.mount_point, "$(bundle-id)", bundle_id)
    mount1 == i_storages[index].mount_point
    print("allow_mount_point 7: true")
}

# process.Capabilities
allow_caps(p_caps, i_caps) {
    print("allow_caps: policy Ambient =", p_caps.Ambient)
    print("allow_caps: input Ambient =", i_caps.Ambient)
    match_caps(p_caps.Ambient, i_caps.Ambient)

    print("allow_caps: policy Bounding =", p_caps.Bounding)
    print("allow_caps: input Bounding =", i_caps.Bounding)
    match_caps(p_caps.Bounding, i_caps.Bounding)

    print("allow_caps: policy Effective =", p_caps.Effective)
    print("allow_caps: input Effective =", i_caps.Effective)
    match_caps(p_caps.Effective, i_caps.Effective)

    print("allow_caps: policy Inheritable =", p_caps.Inheritable)
    print("allow_caps: input Inheritable =", i_caps.Inheritable)
    match_caps(p_caps.Inheritable, i_caps.Inheritable)

    print("allow_caps: policy Permitted =", p_caps.Permitted)
    print("allow_caps: input Permitted =", i_caps.Permitted)
    match_caps(p_caps.Permitted, i_caps.Permitted)
}

match_caps(p_caps, i_caps) {
    print("match_caps 1: start")

    p_caps == i_caps

    print("match_caps 1: true")
}
match_caps(p_caps, i_caps) {
    print("match_caps 2: start")

    count(p_caps) == 1
    p_caps[0] == "$(default_caps)"

    print("match_caps 2: default_caps =", policy_data.common.default_caps)
    policy_data.common.default_caps == i_caps

    print("match_caps 2: true")
}
match_caps(p_caps, i_caps) {
    print("match_caps 3: start")

    count(p_caps) == 1
    p_caps[0] == "$(privileged_caps)"

    print("match_caps 3: privileged_caps =", policy_data.common.privileged_caps)
    policy_data.common.privileged_caps == i_caps

    print("match_caps 3: true")
}

######################################################################
CopyFileRequest {
    print("CopyFileRequest: input.path =", input.path)

    some regex1 in policy_data.request_defaults.CopyFileRequest
    regex2 := replace(regex1, "$(cpath)", policy_data.common.cpath)
    regex.match(regex2, input.path)

    print("CopyFileRequest: true")
}

CreateSandboxRequest {
    i_pidns := input.sandbox_pidns
    print("CreateSandboxRequest: i_pidns =", i_pidns)
    i_pidns == false
}

ExecProcessRequest {
    print("ExecProcessRequest 1: input =", input)

    i_command = concat(" ", input.process.Args)
    print("ExecProcessRequest 3: i_command =", i_command)

    some p_command in policy_data.request_defaults.ExecProcessRequest.commands
    p_command == i_command

    print("ExecProcessRequest 1: true")
}
ExecProcessRequest {
    print("ExecProcessRequest 2: input =", input)

    # TODO: match input container ID with its corresponding container.exec_commands.
    i_command = concat(" ", input.process.Args)
    print("ExecProcessRequest 3: i_command =", i_command)

    some container in policy_data.containers
    some p_command in container.exec_commands
    print("ExecProcessRequest 2: p_command =", p_command)

    # TODO: should other input data fields be validated as well?
    p_command == i_command

    print("ExecProcessRequest 2: true")
}
ExecProcessRequest {
    print("ExecProcessRequest 3: input =", input)

    i_command = concat(" ", input.process.Args)
    print("ExecProcessRequest 3: i_command =", i_command)

    some p_regex in policy_data.request_defaults.ExecProcessRequest.regex
    print("ExecProcessRequest 3: p_regex =", p_regex)

    regex.match(p_regex, i_command)

    print("ExecProcessRequest 3: true")
}

ReadStreamRequest {
    policy_data.request_defaults.ReadStreamRequest == true
}

WriteStreamRequest {
    policy_data.request_defaults.WriteStreamRequest == true
}


policy_data := {
  "containers": [
    {
  "container_id": "6c1131a1b8db304a1d7bf1f1ebcf822980614fa479ac4f5c23a612da509c5abc",
  "exec_id": "6c1131a1b8db304a1d7bf1f1ebcf822980614fa479ac4f5c23a612da509c5abc",
  "string_user": null,
  "devices": [],
  "storages": [
    {
        "driver": "dmverity",
        "driver_options": [
          "verity_info={\"hashtype\":\"sha256\",\"hash\":\"ecb63ae5f1a5c8d445a98fcaabcada81fb19cc146b4dfeeed2d42ed5917f4439\",\"blocknum\":2361,\"blocksize\":512,\"hashsize\":4096,\"offset\":1212416}",
          "source_type=virtio_pci"
        ],
        "source": "02/01",
        "fstype": "erofs",
        "options": ["ro", "ro"],
        "mount_point": "/run/kata-containers/virtual-volumes/verity/ecb63ae5f1a5c8d445a98fcaabcada81fb19cc146b4dfeeed2d42ed5917f4439",
        "fs_group": null
      },
      {
        "driver": "overlayfs",
        "driver_options": [
          "io.katacontainers.volume.overlayfs.create_directory=/run/kata-containers/virtual-volumes/containers/$(bundle-id)/fs",
          "io.katacontainers.volume.overlayfs.create_directory=/run/kata-containers/virtual-volumes/containers/$(bundle-id)/work"
        ],
        "source": "overlay",
        "fstype": "overlay",
        "options": [
          "lowerdir=/run/kata-containers/virtual-volumes/verity/ecb63ae5f1a5c8d445a98fcaabcada81fb19cc146b4dfeeed2d42ed5917f4439",
          "upperdir=/run/kata-containers/virtual-volumes/containers/$(bundle-id)/fs",
          "workdir=/run/kata-containers/virtual-volumes/containers/$(bundle-id)/work"
        ],
        "mount_point": "/run/kata-containers/$(bundle-id)/rootfs",
        "fs_group": null
      }
  ],
  "OCI": {
    "Version": "1.1.0-rc.1",
    "Process": {
      "Terminal": false,
      "ConsoleSize": null,
      "User": {
        "UID": 65535,
        "GID": 65535,
        "AdditionalGids": [65535],
        "Username": ""
      },
      "Args": ["/pause"],
      "Env": [
        "PATH=/usr/local/sbin:/usr/local/bin:/usr/sbin:/usr/bin:/sbin:/bin"
      ],
      "Cwd": "/",
      "Capabilities": {
        "Bounding": [
          "CAP_CHOWN",
          "CAP_DAC_OVERRIDE",
          "CAP_FSETID",
          "CAP_FOWNER",
          "CAP_MKNOD",
          "CAP_NET_RAW",
          "CAP_SETGID",
          "CAP_SETUID",
          "CAP_SETFCAP",
          "CAP_SETPCAP",
          "CAP_NET_BIND_SERVICE",
          "CAP_SYS_CHROOT",
          "CAP_KILL",
          "CAP_AUDIT_WRITE"
        ],
        "Effective": [
          "CAP_CHOWN",
          "CAP_DAC_OVERRIDE",
          "CAP_FSETID",
          "CAP_FOWNER",
          "CAP_MKNOD",
          "CAP_NET_RAW",
          "CAP_SETGID",
          "CAP_SETUID",
          "CAP_SETFCAP",
          "CAP_SETPCAP",
          "CAP_NET_BIND_SERVICE",
          "CAP_SYS_CHROOT",
          "CAP_KILL",
          "CAP_AUDIT_WRITE"
        ],
        "Inheritable": [],
        "Permitted": [
          "CAP_CHOWN",
          "CAP_DAC_OVERRIDE",
          "CAP_FSETID",
          "CAP_FOWNER",
          "CAP_MKNOD",
          "CAP_NET_RAW",
          "CAP_SETGID",
          "CAP_SETUID",
          "CAP_SETFCAP",
          "CAP_SETPCAP",
          "CAP_NET_BIND_SERVICE",
          "CAP_SYS_CHROOT",
          "CAP_KILL",
          "CAP_AUDIT_WRITE"
        ],
        "Ambient": []
      },
      "Rlimits": [],
      "NoNewPrivileges": true,
      "ApparmorProfile": "",
      "OOMScoreAdj": -998,
      "SelinuxLabel": ""
    },
    "Root": {
      "Path": "$(cpath)/$(bundle-id)/rootfs",
      "Readonly": true
    },
    "Hostname": "three-containers",
    "Mounts": [
      {
        "destination": "/proc",
        "source": "proc",
        "type_": "proc",
        "options": ["nosuid", "noexec", "nodev"]
      },
      {
        "destination": "/dev",
        "source": "tmpfs",
        "type_": "tmpfs",
        "options": ["nosuid", "strictatime", "mode=755", "size=65536k"]
      },
      {
        "destination": "/dev/pts",
        "source": "devpts",
        "type_": "devpts",
        "options": [
          "nosuid",
          "noexec",
          "newinstance",
          "ptmxmode=0666",
          "mode=0620",
          "gid=5"
        ]
      },
      {
        "destination": "/dev/mqueue",
        "source": "mqueue",
        "type_": "mqueue",
        "options": ["nosuid", "noexec", "nodev"]
      },
      {
        "destination": "/sys",
        "source": "sysfs",
        "type_": "sysfs",
        "options": ["nosuid", "noexec", "nodev", "ro"]
      },
      {
        "destination": "/dev/shm",
        "source": "/run/kata-containers/sandbox/shm",
        "type_": "bind",
        "options": ["rbind"]
      },
      {
        "destination": "/etc/resolv.conf",
        "source": "/run/kata-containers/shared/containers/6c1131a1b8db304a1d7bf1f1ebcf822980614fa479ac4f5c23a612da509c5abc-8b853cab527f6292-resolv.conf",
        "type_": "bind",
        "options": ["rbind", "ro", "nosuid", "nodev", "noexec"]
      }
    ],
    "Hooks": null,
    "Annotations": {
      "io.kubernetes.cri.sandbox-cpu-period": "100000",
      "io.kubernetes.cri.sandbox-id": "6c1131a1b8db304a1d7bf1f1ebcf822980614fa479ac4f5c23a612da509c5abc",
      "io.kubernetes.cri.sandbox-cpu-shares": "2",
      "io.katacontainers.pkg.oci.container_type": "pod_sandbox",
      "io.katacontainers.pkg.oci.bundle_path": "/run/containerd/io.containerd.runtime.v2.task/k8s.io/6c1131a1b8db304a1d7bf1f1ebcf822980614fa479ac4f5c23a612da509c5abc",
      "io.kubernetes.cri.sandbox-memory": "0",
      "io.kubernetes.cri.sandbox-log-directory": "/var/log/pods/default_three-containers_54f52ae7-1d56-4f23-9ec8-1031b136290d",
      "io.kubernetes.cri.sandbox-cpu-quota": "0",
      "io.kubernetes.cri.sandbox-name": "three-containers",
      "io.kubernetes.cri.sandbox-namespace": "default",
      "nerdctl/network-namespace": "/var/run/netns/cni-ab15b551-7f20-6db9-c195-dee2524b3e27",
      "io.kubernetes.cri.sandbox-uid": "54f52ae7-1d56-4f23-9ec8-1031b136290d",
      "io.kubernetes.cri.container-type": "sandbox"
    },
    "Linux": {
      "UIDMappings": [],
      "GIDMappings": [],
      "Sysctl": {},
      "Resources": {
        "Devices": [],
        "Memory": null,
        "CPU": {
          "Shares": 2,
          "Quota": 0,
          "Period": 0,
          "RealtimeRuntime": 0,
          "RealtimePeriod": 0,
          "Cpus": "",
          "Mems": ""
        },
        "Pids": null,
        "BlockIO": null,
        "HugepageLimits": [],
        "Network": null
      },
      "CgroupsPath": "/kubepods/besteffort/pod54f52ae7-1d56-4f23-9ec8-1031b136290d/6c1131a1b8db304a1d7bf1f1ebcf822980614fa479ac4f5c23a612da509c5abc",
      "Namespaces": [
        { "Type": "ipc", "Path": "" },
        { "Type": "uts", "Path": "" },
        { "Type": "mount", "Path": "" }
      ],
      "Devices": [],
      "Seccomp": null,
      "RootfsPropagation": "",
      "MaskedPaths": [
        "/proc/acpi",
        "/proc/asound",
        "/proc/kcore",
        "/proc/keys",
        "/proc/latency_stats",
        "/proc/timer_list",
        "/proc/timer_stats",
        "/proc/sched_debug",
        "/sys/firmware",
        "/proc/scsi"
      ],
      "ReadonlyPaths": [
        "/proc/bus",
        "/proc/fs",
        "/proc/irq",
        "/proc/sys",
        "/proc/sysrq-trigger"
      ],
      "MountLabel": "",
      "IntelRdt": null
    },
    "Solaris": null,
    "Windows": null
  },
  "sandbox_pidns": false,
  "shared_mounts": []
},
{
  "container_id": "093f49aeea7e05a88e03df2e2599a7ea393bb2e8b628b9521dd7a297983fccca",
  "exec_id": "093f49aeea7e05a88e03df2e2599a7ea393bb2e8b628b9521dd7a297983fccca",
  "string_user": null,
  "devices": [],
  "storages": [
    {
      "driver": "dmverity",
      "driver_options": [
        "verity_info={\"hashtype\":\"sha256\",\"hash\":\"ab939737495a6b048cd082bd990bca0023642566f93187bf42e321e026724c10\",\"blocknum\":16,\"blocksize\":512,\"hashsize\":4096,\"offset\":8192}",
        "source_type=virtio_pci"
      ],
      "source": "02/01",
      "fstype": "erofs",
      "options": ["ro", "ro"],
      "mount_point": "/run/kata-containers/virtual-volumes/verity/ab939737495a6b048cd082bd990bca0023642566f93187bf42e321e026724c10",
      "fs_group": null
    },
    {
      "driver": "dmverity",
      "driver_options": [
        "verity_info={\"hashtype\":\"sha256\",\"hash\":\"d5a1a28f467277f4cc723eac0cbd9af685965a54380990c6898eb2072e105ca8\",\"blocknum\":3831,\"blocksize\":512,\"hashsize\":4096,\"offset\":1961984}",
        "source_type=virtio_pci"
      ],
      "source": "02/02",
      "fstype": "erofs",
      "options": ["ro", "ro"],
      "mount_point": "/run/kata-containers/virtual-volumes/verity/d5a1a28f467277f4cc723eac0cbd9af685965a54380990c6898eb2072e105ca8",
      "fs_group": null
    },
    {
      "driver": "overlayfs",
      "driver_options": [
        "io.katacontainers.volume.overlayfs.create_directory=/run/kata-containers/virtual-volumes/containers/093f49aeea7e05a88e03df2e2599a7ea393bb2e8b628b9521dd7a297983fccca/fs",
        "io.katacontainers.volume.overlayfs.create_directory=/run/kata-containers/virtual-volumes/containers/093f49aeea7e05a88e03df2e2599a7ea393bb2e8b628b9521dd7a297983fccca/work"
      ],
      "source": "overlay",
      "fstype": "overlay",
      "options": [
        "lowerdir=/run/kata-containers/virtual-volumes/verity/ab939737495a6b048cd082bd990bca0023642566f93187bf42e321e026724c10:/run/kata-containers/virtual-volumes/verity/d5a1a28f467277f4cc723eac0cbd9af685965a54380990c6898eb2072e105ca8",
        "upperdir=/run/kata-containers/virtual-volumes/containers/093f49aeea7e05a88e03df2e2599a7ea393bb2e8b628b9521dd7a297983fccca/fs",
        "workdir=/run/kata-containers/virtual-volumes/containers/093f49aeea7e05a88e03df2e2599a7ea393bb2e8b628b9521dd7a297983fccca/work"
      ],
      "mount_point": "/run/kata-containers/093f49aeea7e05a88e03df2e2599a7ea393bb2e8b628b9521dd7a297983fccca/rootfs",
      "fs_group": null
    }
  ],
  "OCI": {
    "Version": "1.1.0-rc.1",
    "Process": {
      "Terminal": false,
      "ConsoleSize": null,
      "User": { "UID": 0, "GID": 0, "AdditionalGids": [0], "Username": "" },
      "Args": ["/bin/echo", "hello"],
      "Env": [
        "PATH=/usr/local/sbin:/usr/local/bin:/usr/sbin:/usr/bin:/sbin:/bin",
        "HOSTNAME=three-containers",
        "KUBERNETES_PORT_443_TCP_PORT=443",
        "KUBERNETES_PORT_443_TCP_ADDR=10.96.0.1",
        "KUBERNETES_SERVICE_HOST=10.96.0.1",
        "KUBERNETES_SERVICE_PORT=443",
        "KUBERNETES_SERVICE_PORT_HTTPS=443",
        "KUBERNETES_PORT=tcp://10.96.0.1:443",
        "KUBERNETES_PORT_443_TCP=tcp://10.96.0.1:443",
        "KUBERNETES_PORT_443_TCP_PROTO=tcp"
      ],
      "Cwd": "/",
      "Capabilities": {
        "Bounding": [
          "CAP_CHOWN",
          "CAP_DAC_OVERRIDE",
          "CAP_FSETID",
          "CAP_FOWNER",
          "CAP_MKNOD",
          "CAP_NET_RAW",
          "CAP_SETGID",
          "CAP_SETUID",
          "CAP_SETFCAP",
          "CAP_SETPCAP",
          "CAP_NET_BIND_SERVICE",
          "CAP_SYS_CHROOT",
          "CAP_KILL",
          "CAP_AUDIT_WRITE"
        ],
        "Effective": [
          "CAP_CHOWN",
          "CAP_DAC_OVERRIDE",
          "CAP_FSETID",
          "CAP_FOWNER",
          "CAP_MKNOD",
          "CAP_NET_RAW",
          "CAP_SETGID",
          "CAP_SETUID",
          "CAP_SETFCAP",
          "CAP_SETPCAP",
          "CAP_NET_BIND_SERVICE",
          "CAP_SYS_CHROOT",
          "CAP_KILL",
          "CAP_AUDIT_WRITE"
        ],
        "Inheritable": [],
        "Permitted": [
          "CAP_CHOWN",
          "CAP_DAC_OVERRIDE",
          "CAP_FSETID",
          "CAP_FOWNER",
          "CAP_MKNOD",
          "CAP_NET_RAW",
          "CAP_SETGID",
          "CAP_SETUID",
          "CAP_SETFCAP",
          "CAP_SETPCAP",
          "CAP_NET_BIND_SERVICE",
          "CAP_SYS_CHROOT",
          "CAP_KILL",
          "CAP_AUDIT_WRITE"
        ],
        "Ambient": []
      },
      "Rlimits": [],
      "NoNewPrivileges": true,
      "ApparmorProfile": "cri-containerd.apparmor.d",
      "OOMScoreAdj": 1000,
      "SelinuxLabel": ""
    },
    "Root": {
      "Path": "/run/kata-containers/093f49aeea7e05a88e03df2e2599a7ea393bb2e8b628b9521dd7a297983fccca/rootfs",
      "Readonly": true
    },
    "Hostname": "",
    "Mounts": [
      {
        "destination": "/proc",
        "source": "proc",
        "type_": "proc",
        "options": ["nosuid", "noexec", "nodev"]
      },
      {
        "destination": "/dev",
        "source": "tmpfs",
        "type_": "tmpfs",
        "options": ["nosuid", "strictatime", "mode=755", "size=65536k"]
      },
      {
        "destination": "/dev/pts",
        "source": "devpts",
        "type_": "devpts",
        "options": [
          "nosuid",
          "noexec",
          "newinstance",
          "ptmxmode=0666",
          "mode=0620",
          "gid=5"
        ]
      },
      {
        "destination": "/dev/mqueue",
        "source": "mqueue",
        "type_": "mqueue",
        "options": ["nosuid", "noexec", "nodev"]
      },
      {
        "destination": "/sys",
        "source": "sysfs",
        "type_": "sysfs",
        "options": ["nosuid", "noexec", "nodev", "ro"]
      },
      {
        "destination": "/sys/fs/cgroup",
        "source": "cgroup",
        "type_": "cgroup",
        "options": ["nosuid", "noexec", "nodev", "relatime", "ro"]
      },
      {
        "destination": "/etc/hosts",
        "source": "/run/kata-containers/shared/containers/093f49aeea7e05a88e03df2e2599a7ea393bb2e8b628b9521dd7a297983fccca-c0c7d5f0e3daaf92-hosts",
        "type_": "bind",
        "options": ["rbind", "rprivate", "rw"]
      },
      {
        "destination": "/dev/termination-log",
        "source": "/run/kata-containers/shared/containers/093f49aeea7e05a88e03df2e2599a7ea393bb2e8b628b9521dd7a297983fccca-8081121f718274c4-termination-log",
        "type_": "bind",
        "options": ["rbind", "rprivate", "rw"]
      },
      {
        "destination": "/etc/hostname",
        "source": "/run/kata-containers/shared/containers/093f49aeea7e05a88e03df2e2599a7ea393bb2e8b628b9521dd7a297983fccca-a54b6ad54ddc617c-hostname",
        "type_": "bind",
        "options": ["rbind", "rprivate", "ro"]
      },
      {
        "destination": "/etc/resolv.conf",
        "source": "/run/kata-containers/shared/containers/093f49aeea7e05a88e03df2e2599a7ea393bb2e8b628b9521dd7a297983fccca-bc0fa7654a65ef4e-resolv.conf",
        "type_": "bind",
        "options": ["rbind", "rprivate", "ro"]
      },
      {
        "destination": "/dev/shm",
        "source": "/run/kata-containers/sandbox/shm",
        "type_": "bind",
        "options": ["rbind"]
      },
      {
        "destination": "/var/run/secrets/kubernetes.io/serviceaccount",
        "source": "/run/kata-containers/shared/containers/093f49aeea7e05a88e03df2e2599a7ea393bb2e8b628b9521dd7a297983fccca-edbf34d45f377113-serviceaccount",
        "type_": "bind",
        "options": ["rbind", "rprivate", "ro"]
      }
    ],
    "Hooks": null,
    "Annotations": {
      "io.kubernetes.cri.sandbox-name": "three-containers",
      "io.kubernetes.cri.sandbox-id": "6c1131a1b8db304a1d7bf1f1ebcf822980614fa479ac4f5c23a612da509c5abc",
      "io.katacontainers.pkg.oci.container_type": "pod_container",
      "io.kubernetes.cri.container-name": "busybox",
      "io.kubernetes.cri.image-name": "mcr.microsoft.com/aks/e2e/library-busybox:master.220314.1-linux-amd64",
      "io.kubernetes.cri.sandbox-uid": "54f52ae7-1d56-4f23-9ec8-1031b136290d",
      "io.kubernetes.cri.container-type": "container",
      "io.katacontainers.pkg.oci.bundle_path": "/run/containerd/io.containerd.runtime.v2.task/k8s.io/093f49aeea7e05a88e03df2e2599a7ea393bb2e8b628b9521dd7a297983fccca",
      "io.kubernetes.cri.sandbox-namespace": "default"
    },
    "Linux": {
      "UIDMappings": [],
      "GIDMappings": [],
      "Sysctl": {},
      "Resources": {
        "Devices": [],
        "Memory": {
          "Limit": 0,
          "Reservation": 0,
          "Swap": 0,
          "Kernel": 0,
          "KernelTCP": 0,
          "Swappiness": 0,
          "DisableOOMKiller": false
        },
        "CPU": {
          "Shares": 2,
          "Quota": 0,
          "Period": 100000,
          "RealtimeRuntime": 0,
          "RealtimePeriod": 0,
          "Cpus": "",
          "Mems": ""
        },
        "Pids": null,
        "BlockIO": null,
        "HugepageLimits": [],
        "Network": null
      },
      "CgroupsPath": "/kubepods/besteffort/pod54f52ae7-1d56-4f23-9ec8-1031b136290d/093f49aeea7e05a88e03df2e2599a7ea393bb2e8b628b9521dd7a297983fccca",
      "Namespaces": [
        { "Type": "ipc", "Path": "" },
        { "Type": "uts", "Path": "" },
        { "Type": "mount", "Path": "" }
      ],
      "Devices": [],
      "Seccomp": null,
      "RootfsPropagation": "",
      "MaskedPaths": [
        "/proc/acpi",
        "/proc/kcore",
        "/proc/keys",
        "/proc/latency_stats",
        "/proc/timer_list",
        "/proc/timer_stats",
        "/proc/sched_debug",
        "/proc/scsi",
        "/sys/firmware"
      ],
      "ReadonlyPaths": [
        "/proc/asound",
        "/proc/bus",
        "/proc/fs",
        "/proc/irq",
        "/proc/sys",
        "/proc/sysrq-trigger"
      ],
      "MountLabel": "",
      "IntelRdt": null
    },
    "Solaris": null,
    "Windows": null
  },
  "sandbox_pidns": true,
  "shared_mounts": []
},
{
  "container_id": "f12b9b64222bf650be5975d6cc405109d55756399f5633494f868c06f6d7ca50",
  "exec_id": "f12b9b64222bf650be5975d6cc405109d55756399f5633494f868c06f6d7ca50",
  "string_user": null,
  "devices": [],
  "storages": [
    {
      "driver": "dmverity",
      "driver_options": [
        "verity_info={\"hashtype\":\"sha256\",\"hash\":\"80600e0cfc048551b253d7065a2d077e3a4d8cec6fb16a863362217ac990214f\",\"blocknum\":7387,\"blocksize\":512,\"hashsize\":4096,\"offset\":3784704}",
        "source_type=virtio_pci"
      ],
      "source": "02/01",
      "fstype": "erofs",
      "options": ["ro", "ro"],
      "mount_point": "/run/kata-containers/virtual-volumes/verity/80600e0cfc048551b253d7065a2d077e3a4d8cec6fb16a863362217ac990214f",
      "fs_group": null
    },
    {
      "driver": "dmverity",
      "driver_options": [
        "verity_info={\"hashtype\":\"sha256\",\"hash\":\"388831dd18e38a77fd13d850103546c0966335673f085429074d443d66b3c983\",\"blocknum\":996210,\"blocksize\":512,\"hashsize\":4096,\"offset\":510062592}",
        "source_type=virtio_pci"
      ],
      "source": "02/02",
      "fstype": "erofs",
      "options": ["ro", "ro"],
      "mount_point": "/run/kata-containers/virtual-volumes/verity/388831dd18e38a77fd13d850103546c0966335673f085429074d443d66b3c983",
      "fs_group": null
    },
    {
      "driver": "dmverity",
      "driver_options": [
        "verity_info={\"hashtype\":\"sha256\",\"hash\":\"af2a80ae88d1bdf10fb2d3ad35f83fb164d85e6ba8d0c2e48d877158aa0c4010\",\"blocknum\":1047,\"blocksize\":512,\"hashsize\":4096,\"offset\":536576}",
        "source_type=virtio_pci"
      ],
      "source": "02/03",
      "fstype": "erofs",
      "options": ["ro", "ro"],
      "mount_point": "/run/kata-containers/virtual-volumes/verity/af2a80ae88d1bdf10fb2d3ad35f83fb164d85e6ba8d0c2e48d877158aa0c4010",
      "fs_group": null
    },
    {
      "driver": "dmverity",
      "driver_options": [
        "verity_info={\"hashtype\":\"sha256\",\"hash\":\"f194315174c15d37e8276ea269c61717981c4ad1143314a59d49dfe15e9bfc96\",\"blocknum\":134524,\"blocksize\":512,\"hashsize\":4096,\"offset\":68878336}",
        "source_type=virtio_pci"
      ],
      "source": "02/04",
      "fstype": "erofs",
      "options": ["ro", "ro"],
      "mount_point": "/run/kata-containers/virtual-volumes/verity/f194315174c15d37e8276ea269c61717981c4ad1143314a59d49dfe15e9bfc96",
      "fs_group": null
    },
    {
      "driver": "overlayfs",
      "driver_options": [
        "io.katacontainers.volume.overlayfs.create_directory=/run/kata-containers/virtual-volumes/containers/f12b9b64222bf650be5975d6cc405109d55756399f5633494f868c06f6d7ca50/fs",
        "io.katacontainers.volume.overlayfs.create_directory=/run/kata-containers/virtual-volumes/containers/f12b9b64222bf650be5975d6cc405109d55756399f5633494f868c06f6d7ca50/work"
      ],
      "source": "overlay",
      "fstype": "overlay",
      "options": [
        "lowerdir=/run/kata-containers/virtual-volumes/verity/80600e0cfc048551b253d7065a2d077e3a4d8cec6fb16a863362217ac990214f:/run/kata-containers/virtual-volumes/verity/388831dd18e38a77fd13d850103546c0966335673f085429074d443d66b3c983:/run/kata-containers/virtual-volumes/verity/af2a80ae88d1bdf10fb2d3ad35f83fb164d85e6ba8d0c2e48d877158aa0c4010:/run/kata-containers/virtual-volumes/verity/f194315174c15d37e8276ea269c61717981c4ad1143314a59d49dfe15e9bfc96",
        "upperdir=/run/kata-containers/virtual-volumes/containers/f12b9b64222bf650be5975d6cc405109d55756399f5633494f868c06f6d7ca50/fs",
        "workdir=/run/kata-containers/virtual-volumes/containers/f12b9b64222bf650be5975d6cc405109d55756399f5633494f868c06f6d7ca50/work"
      ],
      "mount_point": "/run/kata-containers/f12b9b64222bf650be5975d6cc405109d55756399f5633494f868c06f6d7ca50/rootfs",
      "fs_group": null
    }
  ],
  "OCI": {
    "Version": "1.1.0-rc.1",
    "Process": {
      "Terminal": false,
      "ConsoleSize": null,
      "User": { "UID": 0, "GID": 0, "AdditionalGids": [0], "Username": "" },
      "Args": ["az", "--help"],
      "Env": [
        "PATH=/usr/local/sbin:/usr/local/bin:/usr/sbin:/usr/bin:/sbin:/bin",
        "HOSTNAME=three-containers",
        "KUBERNETES_PORT_443_TCP_ADDR=10.96.0.1",
        "KUBERNETES_SERVICE_HOST=10.96.0.1",
        "KUBERNETES_SERVICE_PORT=443",
        "KUBERNETES_SERVICE_PORT_HTTPS=443",
        "KUBERNETES_PORT=tcp://10.96.0.1:443",
        "KUBERNETES_PORT_443_TCP=tcp://10.96.0.1:443",
        "KUBERNETES_PORT_443_TCP_PROTO=tcp",
        "KUBERNETES_PORT_443_TCP_PORT=443"
      ],
      "Cwd": "/",
      "Capabilities": {
        "Bounding": [
          "CAP_CHOWN",
          "CAP_DAC_OVERRIDE",
          "CAP_FSETID",
          "CAP_FOWNER",
          "CAP_MKNOD",
          "CAP_NET_RAW",
          "CAP_SETGID",
          "CAP_SETUID",
          "CAP_SETFCAP",
          "CAP_SETPCAP",
          "CAP_NET_BIND_SERVICE",
          "CAP_SYS_CHROOT",
          "CAP_KILL",
          "CAP_AUDIT_WRITE"
        ],
        "Effective": [
          "CAP_CHOWN",
          "CAP_DAC_OVERRIDE",
          "CAP_FSETID",
          "CAP_FOWNER",
          "CAP_MKNOD",
          "CAP_NET_RAW",
          "CAP_SETGID",
          "CAP_SETUID",
          "CAP_SETFCAP",
          "CAP_SETPCAP",
          "CAP_NET_BIND_SERVICE",
          "CAP_SYS_CHROOT",
          "CAP_KILL",
          "CAP_AUDIT_WRITE"
        ],
        "Inheritable": [],
        "Permitted": [
          "CAP_CHOWN",
          "CAP_DAC_OVERRIDE",
          "CAP_FSETID",
          "CAP_FOWNER",
          "CAP_MKNOD",
          "CAP_NET_RAW",
          "CAP_SETGID",
          "CAP_SETUID",
          "CAP_SETFCAP",
          "CAP_SETPCAP",
          "CAP_NET_BIND_SERVICE",
          "CAP_SYS_CHROOT",
          "CAP_KILL",
          "CAP_AUDIT_WRITE"
        ],
        "Ambient": []
      },
      "Rlimits": [],
      "NoNewPrivileges": false,
      "ApparmorProfile": "cri-containerd.apparmor.d",
      "OOMScoreAdj": 1000,
      "SelinuxLabel": ""
    },
    "Root": {
      "Path": "/run/kata-containers/f12b9b64222bf650be5975d6cc405109d55756399f5633494f868c06f6d7ca50/rootfs",
      "Readonly": false
    },
    "Hostname": "",
    "Mounts": [
      {
        "destination": "/proc",
        "source": "proc",
        "type_": "proc",
        "options": ["nosuid", "noexec", "nodev"]
      },
      {
        "destination": "/dev",
        "source": "tmpfs",
        "type_": "tmpfs",
        "options": ["nosuid", "strictatime", "mode=755", "size=65536k"]
      },
      {
        "destination": "/dev/pts",
        "source": "devpts",
        "type_": "devpts",
        "options": [
          "nosuid",
          "noexec",
          "newinstance",
          "ptmxmode=0666",
          "mode=0620",
          "gid=5"
        ]
      },
      {
        "destination": "/dev/mqueue",
        "source": "mqueue",
        "type_": "mqueue",
        "options": ["nosuid", "noexec", "nodev"]
      },
      {
        "destination": "/sys",
        "source": "sysfs",
        "type_": "sysfs",
        "options": ["nosuid", "noexec", "nodev", "ro"]
      },
      {
        "destination": "/sys/fs/cgroup",
        "source": "cgroup",
        "type_": "cgroup",
        "options": ["nosuid", "noexec", "nodev", "relatime", "ro"]
      },
      {
        "destination": "/etc/hosts",
        "source": "/run/kata-containers/shared/containers/f12b9b64222bf650be5975d6cc405109d55756399f5633494f868c06f6d7ca50-71515e764c7c1c66-hosts",
        "type_": "bind",
        "options": ["rbind", "rprivate", "rw"]
      },
      {
        "destination": "/dev/termination-log",
        "source": "/run/kata-containers/shared/containers/f12b9b64222bf650be5975d6cc405109d55756399f5633494f868c06f6d7ca50-8f429ebdf178d8a2-termination-log",
        "type_": "bind",
        "options": ["rbind", "rprivate", "rw"]
      },
      {
        "destination": "/etc/hostname",
        "source": "/run/kata-containers/shared/containers/f12b9b64222bf650be5975d6cc405109d55756399f5633494f868c06f6d7ca50-e0be716538266113-hostname",
        "type_": "bind",
        "options": ["rbind", "rprivate", "rw"]
      },
      {
        "destination": "/etc/resolv.conf",
        "source": "/run/kata-containers/shared/containers/f12b9b64222bf650be5975d6cc405109d55756399f5633494f868c06f6d7ca50-6b51d3c678446112-resolv.conf",
        "type_": "bind",
        "options": ["rbind", "rprivate", "rw"]
      },
      {
        "destination": "/dev/shm",
        "source": "/run/kata-containers/sandbox/shm",
        "type_": "bind",
        "options": ["rbind"]
      },
      {
        "destination": "/var/run/secrets/kubernetes.io/serviceaccount",
        "source": "/run/kata-containers/shared/containers/f12b9b64222bf650be5975d6cc405109d55756399f5633494f868c06f6d7ca50-872ff5281e16c3f3-serviceaccount",
        "type_": "bind",
        "options": ["rbind", "rprivate", "ro"]
      }
    ],
    "Hooks": null,
    "Annotations": {
      "io.kubernetes.cri.sandbox-uid": "54f52ae7-1d56-4f23-9ec8-1031b136290d",
      "io.kubernetes.cri.sandbox-name": "three-containers",
      "io.kubernetes.cri.image-name": "mcr.microsoft.com/cbl-mariner/base/azure-cli:2.49.0-1-cm2.0.20230609-amd64",
      "io.katacontainers.pkg.oci.bundle_path": "/run/containerd/io.containerd.runtime.v2.task/k8s.io/f12b9b64222bf650be5975d6cc405109d55756399f5633494f868c06f6d7ca50",
      "io.kubernetes.cri.container-type": "container",
      "io.kubernetes.cri.sandbox-namespace": "default",
      "io.kubernetes.cri.container-name": "mariner-cli",
      "io.katacontainers.pkg.oci.container_type": "pod_container",
      "io.kubernetes.cri.sandbox-id": "6c1131a1b8db304a1d7bf1f1ebcf822980614fa479ac4f5c23a612da509c5abc"
    },
    "Linux": {
      "UIDMappings": [],
      "GIDMappings": [],
      "Sysctl": {},
      "Resources": {
        "Devices": [],
        "Memory": {
          "Limit": 0,
          "Reservation": 0,
          "Swap": 0,
          "Kernel": 0,
          "KernelTCP": 0,
          "Swappiness": 0,
          "DisableOOMKiller": false
        },
        "CPU": {
          "Shares": 2,
          "Quota": 0,
          "Period": 100000,
          "RealtimeRuntime": 0,
          "RealtimePeriod": 0,
          "Cpus": "",
          "Mems": ""
        },
        "Pids": null,
        "BlockIO": null,
        "HugepageLimits": [],
        "Network": null
      },
      "CgroupsPath": "/kubepods/besteffort/pod54f52ae7-1d56-4f23-9ec8-1031b136290d/f12b9b64222bf650be5975d6cc405109d55756399f5633494f868c06f6d7ca50",
      "Namespaces": [
        { "Type": "ipc", "Path": "" },
        { "Type": "uts", "Path": "" },
        { "Type": "mount", "Path": "" }
      ],
      "Devices": [],
      "Seccomp": null,
      "RootfsPropagation": "",
      "MaskedPaths": [
        "/proc/acpi",
        "/proc/kcore",
        "/proc/keys",
        "/proc/latency_stats",
        "/proc/timer_list",
        "/proc/timer_stats",
        "/proc/sched_debug",
        "/proc/scsi",
        "/sys/firmware"
      ],
      "ReadonlyPaths": [
        "/proc/asound",
        "/proc/bus",
        "/proc/fs",
        "/proc/irq",
        "/proc/sys",
        "/proc/sysrq-trigger"
      ],
      "MountLabel": "",
      "IntelRdt": null
    },
    "Solaris": null,
    "Windows": null
  },
  "sandbox_pidns": true,
  "shared_mounts": []
},
{
  "container_id": "507cefbb0fc049f3eb76a94b52f96c83fa670685b5b1d29134975c163fd0ca57",
  "exec_id": "507cefbb0fc049f3eb76a94b52f96c83fa670685b5b1d29134975c163fd0ca57",
  "string_user": null,
  "devices": [],
  "storages": [
    {
      "driver": "dmverity",
      "driver_options": [
        "verity_info={\"hashtype\":\"sha256\",\"hash\":\"4bafc6649a32f60d9d6735f7ef33a9daca29ee41332433e22e08000be81d3ea9\",\"blocknum\":16,\"blocksize\":512,\"hashsize\":4096,\"offset\":8192}",
        "source_type=virtio_pci"
      ],
      "source": "02/01",
      "fstype": "erofs",
      "options": ["ro", "ro"],
      "mount_point": "/run/kata-containers/virtual-volumes/verity/4bafc6649a32f60d9d6735f7ef33a9daca29ee41332433e22e08000be81d3ea9",
      "fs_group": null
    },
    {
      "driver": "dmverity",
      "driver_options": [
        "verity_info={\"hashtype\":\"sha256\",\"hash\":\"c14c3095c4eaa41624e5c8ad7e6794be413c1fce96fbc773f10c2d5808af0ff8\",\"blocknum\":15705,\"blocksize\":512,\"hashsize\":4096,\"offset\":8044544}",
        "source_type=virtio_pci"
      ],
      "source": "02/02",
      "fstype": "erofs",
      "options": ["ro", "ro"],
      "mount_point": "/run/kata-containers/virtual-volumes/verity/c14c3095c4eaa41624e5c8ad7e6794be413c1fce96fbc773f10c2d5808af0ff8",
      "fs_group": null
    },
    {
      "driver": "dmverity",
      "driver_options": [
        "verity_info={\"hashtype\":\"sha256\",\"hash\":\"362b9f71e0cf13a1f8908069a2edba879a112afc0b8e26ffe191452839bbd126\",\"blocknum\":1033,\"blocksize\":512,\"hashsize\":4096,\"offset\":532480}",
        "source_type=virtio_pci"
      ],
      "source": "02/03",
      "fstype": "erofs",
      "options": ["ro", "ro"],
      "mount_point": "/run/kata-containers/virtual-volumes/verity/362b9f71e0cf13a1f8908069a2edba879a112afc0b8e26ffe191452839bbd126",
      "fs_group": null
    },
    {
      "driver": "dmverity",
      "driver_options": [
        "verity_info={\"hashtype\":\"sha256\",\"hash\":\"8862e8f5ecb27829c4df7d2045fc009ed48bd2d1e8447f3e7b7d5497dfb8d8cb\",\"blocknum\":1030,\"blocksize\":512,\"hashsize\":4096,\"offset\":528384}",
        "source_type=virtio_pci"
      ],
      "source": "02/04",
      "fstype": "erofs",
      "options": ["ro", "ro"],
      "mount_point": "/run/kata-containers/virtual-volumes/verity/8862e8f5ecb27829c4df7d2045fc009ed48bd2d1e8447f3e7b7d5497dfb8d8cb",
      "fs_group": null
    },
    {
      "driver": "dmverity",
      "driver_options": [
        "verity_info={\"hashtype\":\"sha256\",\"hash\":\"0d313fb7b4b87dd09dac23fac2666f753baaf898832563183f15721cc2a0464c\",\"blocknum\":16,\"blocksize\":512,\"hashsize\":4096,\"offset\":8192}",
        "source_type=virtio_pci"
      ],
      "source": "02/05",
      "fstype": "erofs",
      "options": ["ro", "ro"],
      "mount_point": "/run/kata-containers/virtual-volumes/verity/0d313fb7b4b87dd09dac23fac2666f753baaf898832563183f15721cc2a0464c",
      "fs_group": null
    },
    {
      "driver": "dmverity",
      "driver_options": [
        "verity_info={\"hashtype\":\"sha256\",\"hash\":\"7146c4fa332be44af5f2d4eb73af433070af20583c1db73b8d6266b87f560c18\",\"blocknum\":15682,\"blocksize\":512,\"hashsize\":4096,\"offset\":8032256}",
        "source_type=virtio_pci"
      ],
      "source": "02/06",
      "fstype": "erofs",
      "options": ["ro", "ro"],
      "mount_point": "/run/kata-containers/virtual-volumes/verity/7146c4fa332be44af5f2d4eb73af433070af20583c1db73b8d6266b87f560c18",
      "fs_group": null
    },
    {
      "driver": "dmverity",
      "driver_options": [
        "verity_info={\"hashtype\":\"sha256\",\"hash\":\"fc43d096768dd35354e70973e84b9b05a35117280c6796097956c78c7a5ffc66\",\"blocknum\":1038,\"blocksize\":512,\"hashsize\":4096,\"offset\":532480}",
        "source_type=virtio_pci"
      ],
      "source": "02/07",
      "fstype": "erofs",
      "options": ["ro", "ro"],
      "mount_point": "/run/kata-containers/virtual-volumes/verity/fc43d096768dd35354e70973e84b9b05a35117280c6796097956c78c7a5ffc66",
      "fs_group": null
    },
    {
      "driver": "dmverity",
      "driver_options": [
        "verity_info={\"hashtype\":\"sha256\",\"hash\":\"cfd5b35dbf7e0d0a10df0cb835b5f0d9e8a17fa45c51f775a5866fedda60df61\",\"blocknum\":1032,\"blocksize\":512,\"hashsize\":4096,\"offset\":528384}",
        "source_type=virtio_pci"
      ],
      "source": "02/08",
      "fstype": "erofs",
      "options": ["ro", "ro"],
      "mount_point": "/run/kata-containers/virtual-volumes/verity/cfd5b35dbf7e0d0a10df0cb835b5f0d9e8a17fa45c51f775a5866fedda60df61",
      "fs_group": null
    },
    {
      "driver": "dmverity",
      "driver_options": [
        "verity_info={\"hashtype\":\"sha256\",\"hash\":\"9d9f1f3816d6f6f7b91ee753c33759f4e039a3700b2fb3a938e0463a46d84523\",\"blocknum\":16,\"blocksize\":512,\"hashsize\":4096,\"offset\":8192}",
        "source_type=virtio_pci"
      ],
      "source": "02/09",
      "fstype": "erofs",
      "options": ["ro", "ro"],
      "mount_point": "/run/kata-containers/virtual-volumes/verity/9d9f1f3816d6f6f7b91ee753c33759f4e039a3700b2fb3a938e0463a46d84523",
      "fs_group": null
    },
    {
      "driver": "dmverity",
      "driver_options": [
        "verity_info={\"hashtype\":\"sha256\",\"hash\":\"26bab668599116ba6f6fed5af8fa0ec8f4fbd934ac1f71fcdfc7e5f93f11468b\",\"blocknum\":152332,\"blocksize\":512,\"hashsize\":4096,\"offset\":77996032}",
        "source_type=virtio_pci"
      ],
      "source": "02/0a",
      "fstype": "erofs",
      "options": ["ro", "ro"],
      "mount_point": "/run/kata-containers/virtual-volumes/verity/26bab668599116ba6f6fed5af8fa0ec8f4fbd934ac1f71fcdfc7e5f93f11468b",
      "fs_group": null
    },
    {
      "driver": "dmverity",
      "driver_options": [
        "verity_info={\"hashtype\":\"sha256\",\"hash\":\"74f750549b3158eeee49fc7ef00757a5986ce9024389170ebb67372073934b15\",\"blocknum\":1032,\"blocksize\":512,\"hashsize\":4096,\"offset\":528384}",
        "source_type=virtio_pci"
      ],
      "source": "02/0b",
      "fstype": "erofs",
      "options": ["ro", "ro"],
      "mount_point": "/run/kata-containers/virtual-volumes/verity/74f750549b3158eeee49fc7ef00757a5986ce9024389170ebb67372073934b15",
      "fs_group": null
    },
    {
      "driver": "dmverity",
      "driver_options": [
        "verity_info={\"hashtype\":\"sha256\",\"hash\":\"14026947824ed389d901ddc503d9302ecb3e5bc86beb5ef79647be3833b8490f\",\"blocknum\":302757,\"blocksize\":512,\"hashsize\":4096,\"offset\":155013120}",
        "source_type=virtio_pci"
      ],
      "source": "02/0c",
      "fstype": "erofs",
      "options": ["ro", "ro"],
      "mount_point": "/run/kata-containers/virtual-volumes/verity/14026947824ed389d901ddc503d9302ecb3e5bc86beb5ef79647be3833b8490f",
      "fs_group": null
    },
    {
      "driver": "dmverity",
      "driver_options": [
        "verity_info={\"hashtype\":\"sha256\",\"hash\":\"778d23d04f7de628ba06b51bacaa454d0a3c8ea841fa38f5916ce87562dec836\",\"blocknum\":67908,\"blocksize\":512,\"hashsize\":4096,\"offset\":34770944}",
        "source_type=virtio_pci"
      ],
      "source": "02/0d",
      "fstype": "erofs",
      "options": ["ro", "ro"],
      "mount_point": "/run/kata-containers/virtual-volumes/verity/778d23d04f7de628ba06b51bacaa454d0a3c8ea841fa38f5916ce87562dec836",
      "fs_group": null
    },
    {
      "driver": "dmverity",
      "driver_options": [
        "verity_info={\"hashtype\":\"sha256\",\"hash\":\"58c2c7c7b67adafa619e9a9206a7feaca329bebedc56d062bf85cf02bad74ee6\",\"blocknum\":19170,\"blocksize\":512,\"hashsize\":4096,\"offset\":9818112}",
        "source_type=virtio_pci"
      ],
      "source": "02/0e",
      "fstype": "erofs",
      "options": ["ro", "ro"],
      "mount_point": "/run/kata-containers/virtual-volumes/verity/58c2c7c7b67adafa619e9a9206a7feaca329bebedc56d062bf85cf02bad74ee6",
      "fs_group": null
    },
    {
      "driver": "dmverity",
      "driver_options": [
        "verity_info={\"hashtype\":\"sha256\",\"hash\":\"c6c8f539192fe692f4d973c6e9046ac05ec039e5c0434ef9eb29461ece226a80\",\"blocknum\":209694,\"blocksize\":512,\"hashsize\":4096,\"offset\":107364352}",
        "source_type=virtio_pci"
      ],
      "source": "02/0f",
      "fstype": "erofs",
      "options": ["ro", "ro"],
      "mount_point": "/run/kata-containers/virtual-volumes/verity/c6c8f539192fe692f4d973c6e9046ac05ec039e5c0434ef9eb29461ece226a80",
      "fs_group": null
    },
    {
      "driver": "dmverity",
      "driver_options": [
        "verity_info={\"hashtype\":\"sha256\",\"hash\":\"72c0fce438b2291bde08d27e2579338436522e9e8c4787ae2c1b9431bc38bf59\",\"blocknum\":2604,\"blocksize\":512,\"hashsize\":4096,\"offset\":1335296}",
        "source_type=virtio_pci"
      ],
      "source": "02/10",
      "fstype": "erofs",
      "options": ["ro", "ro"],
      "mount_point": "/run/kata-containers/virtual-volumes/verity/72c0fce438b2291bde08d27e2579338436522e9e8c4787ae2c1b9431bc38bf59",
      "fs_group": null
    },
    {
      "driver": "dmverity",
      "driver_options": [
        "verity_info={\"hashtype\":\"sha256\",\"hash\":\"050b239effa947989be37b5f34db0314338709ee448886c353f91a5bd99aa7a3\",\"blocknum\":38742,\"blocksize\":512,\"hashsize\":4096,\"offset\":19836928}",
        "source_type=virtio_pci"
      ],
      "source": "02/11",
      "fstype": "erofs",
      "options": ["ro", "ro"],
      "mount_point": "/run/kata-containers/virtual-volumes/verity/050b239effa947989be37b5f34db0314338709ee448886c353f91a5bd99aa7a3",
      "fs_group": null
    },
    {
      "driver": "dmverity",
      "driver_options": [
        "verity_info={\"hashtype\":\"sha256\",\"hash\":\"6baad206d76b602e52b91a9cede81b3bc004b4168f604406d3f26084e8e33a75\",\"blocknum\":23120,\"blocksize\":512,\"hashsize\":4096,\"offset\":11837440}",
        "source_type=virtio_pci"
      ],
      "source": "02/12",
      "fstype": "erofs",
      "options": ["ro", "ro"],
      "mount_point": "/run/kata-containers/virtual-volumes/verity/6baad206d76b602e52b91a9cede81b3bc004b4168f604406d3f26084e8e33a75",
      "fs_group": null
    },
    {
      "driver": "dmverity",
      "driver_options": [
        "verity_info={\"hashtype\":\"sha256\",\"hash\":\"6582464221f25e1f43c5cdb23bc0e10d8df0c2a8ad2cb1d62ba144a749367533\",\"blocknum\":254648,\"blocksize\":512,\"hashsize\":4096,\"offset\":130379776}",
        "source_type=virtio_pci"
      ],
      "source": "02/13",
      "fstype": "erofs",
      "options": ["ro", "ro"],
      "mount_point": "/run/kata-containers/virtual-volumes/verity/6582464221f25e1f43c5cdb23bc0e10d8df0c2a8ad2cb1d62ba144a749367533",
      "fs_group": null
    },
    {
      "driver": "overlayfs",
      "driver_options": [
        "io.katacontainers.volume.overlayfs.create_directory=/run/kata-containers/virtual-volumes/containers/507cefbb0fc049f3eb76a94b52f96c83fa670685b5b1d29134975c163fd0ca57/fs",
        "io.katacontainers.volume.overlayfs.create_directory=/run/kata-containers/virtual-volumes/containers/507cefbb0fc049f3eb76a94b52f96c83fa670685b5b1d29134975c163fd0ca57/work"
      ],
      "source": "overlay",
      "fstype": "overlay",
      "options": [
        "lowerdir=/run/kata-containers/virtual-volumes/verity/4bafc6649a32f60d9d6735f7ef33a9daca29ee41332433e22e08000be81d3ea9:/run/kata-containers/virtual-volumes/verity/c14c3095c4eaa41624e5c8ad7e6794be413c1fce96fbc773f10c2d5808af0ff8:/run/kata-containers/virtual-volumes/verity/362b9f71e0cf13a1f8908069a2edba879a112afc0b8e26ffe191452839bbd126:/run/kata-containers/virtual-volumes/verity/8862e8f5ecb27829c4df7d2045fc009ed48bd2d1e8447f3e7b7d5497dfb8d8cb:/run/kata-containers/virtual-volumes/verity/0d313fb7b4b87dd09dac23fac2666f753baaf898832563183f15721cc2a0464c:/run/kata-containers/virtual-volumes/verity/7146c4fa332be44af5f2d4eb73af433070af20583c1db73b8d6266b87f560c18:/run/kata-containers/virtual-volumes/verity/fc43d096768dd35354e70973e84b9b05a35117280c6796097956c78c7a5ffc66:/run/kata-containers/virtual-volumes/verity/cfd5b35dbf7e0d0a10df0cb835b5f0d9e8a17fa45c51f775a5866fedda60df61:/run/kata-containers/virtual-volumes/verity/9d9f1f3816d6f6f7b91ee753c33759f4e039a3700b2fb3a938e0463a46d84523:/run/kata-containers/virtual-volumes/verity/26bab668599116ba6f6fed5af8fa0ec8f4fbd934ac1f71fcdfc7e5f93f11468b:/run/kata-containers/virtual-volumes/verity/74f750549b3158eeee49fc7ef00757a5986ce9024389170ebb67372073934b15:/run/kata-containers/virtual-volumes/verity/14026947824ed389d901ddc503d9302ecb3e5bc86beb5ef79647be3833b8490f:/run/kata-containers/virtual-volumes/verity/778d23d04f7de628ba06b51bacaa454d0a3c8ea841fa38f5916ce87562dec836:/run/kata-containers/virtual-volumes/verity/58c2c7c7b67adafa619e9a9206a7feaca329bebedc56d062bf85cf02bad74ee6:/run/kata-containers/virtual-volumes/verity/c6c8f539192fe692f4d973c6e9046ac05ec039e5c0434ef9eb29461ece226a80:/run/kata-containers/virtual-volumes/verity/72c0fce438b2291bde08d27e2579338436522e9e8c4787ae2c1b9431bc38bf59:/run/kata-containers/virtual-volumes/verity/050b239effa947989be37b5f34db0314338709ee448886c353f91a5bd99aa7a3:/run/kata-containers/virtual-volumes/verity/6baad206d76b602e52b91a9cede81b3bc004b4168f604406d3f26084e8e33a75:/run/kata-containers/virtual-volumes/verity/6582464221f25e1f43c5cdb23bc0e10d8df0c2a8ad2cb1d62ba144a749367533",
        "upperdir=/run/kata-containers/virtual-volumes/containers/507cefbb0fc049f3eb76a94b52f96c83fa670685b5b1d29134975c163fd0ca57/fs",
        "workdir=/run/kata-containers/virtual-volumes/containers/507cefbb0fc049f3eb76a94b52f96c83fa670685b5b1d29134975c163fd0ca57/work"
      ],
      "mount_point": "/run/kata-containers/507cefbb0fc049f3eb76a94b52f96c83fa670685b5b1d29134975c163fd0ca57/rootfs",
      "fs_group": null
    }
  ],
  "OCI": {
    "Version": "1.1.0-rc.1",
    "Process": {
      "Terminal": false,
      "ConsoleSize": null,
      "User": { "UID": 0, "GID": 0, "AdditionalGids": [0], "Username": "" },
      "Args": ["/opt/startup/init_container.sh"],
      "Env": [
        "PATH=/usr/local/sbin:/usr/local/bin:/usr/sbin:/usr/bin:/sbin:/bin:/opt/oryx:/home/site/wwwroot",
        "HOSTNAME=three-containers",
        "DEBIAN_FLAVOR=bullseye",
        "ORYX_SDK_STORAGE_BASE_URL=https://oryx-cdn.microsoft.io",
        "ENABLE_DYNAMIC_INSTALL=true",
        "ORYX_AI_INSTRUMENTATION_KEY=4aadba6b-30c8-42db-9b93-024d5c62b887",
        "HOME_SITE=/home/site/wwwroot",
        "APP_PATH=/home/site/wwwroot",
        "PORT=8080",
        "SSH_PORT=2222",
        "WEBSITE_ROLE_INSTANCE_ID=localRoleInstance",
        "WEBSITE_INSTANCE_ID=localInstance",
        "HOST_IP=192.168.122.9",
        "KUBERNETES_PORT=tcp://10.96.0.1:443",
        "KUBERNETES_PORT_443_TCP=tcp://10.96.0.1:443",
        "KUBERNETES_PORT_443_TCP_PROTO=tcp",
        "KUBERNETES_PORT_443_TCP_PORT=443",
        "KUBERNETES_PORT_443_TCP_ADDR=10.96.0.1",
        "KUBERNETES_SERVICE_HOST=10.96.0.1",
        "KUBERNETES_SERVICE_PORT=443",
        "KUBERNETES_SERVICE_PORT_HTTPS=443"
      ],
      "Cwd": "/home/site/wwwroot",
      "Capabilities": {
        "Bounding": [
          "CAP_CHOWN",
          "CAP_DAC_OVERRIDE",
          "CAP_FSETID",
          "CAP_FOWNER",
          "CAP_MKNOD",
          "CAP_NET_RAW",
          "CAP_SETGID",
          "CAP_SETUID",
          "CAP_SETFCAP",
          "CAP_SETPCAP",
          "CAP_NET_BIND_SERVICE",
          "CAP_SYS_CHROOT",
          "CAP_KILL",
          "CAP_AUDIT_WRITE"
        ],
        "Effective": [
          "CAP_CHOWN",
          "CAP_DAC_OVERRIDE",
          "CAP_FSETID",
          "CAP_FOWNER",
          "CAP_MKNOD",
          "CAP_NET_RAW",
          "CAP_SETGID",
          "CAP_SETUID",
          "CAP_SETFCAP",
          "CAP_SETPCAP",
          "CAP_NET_BIND_SERVICE",
          "CAP_SYS_CHROOT",
          "CAP_KILL",
          "CAP_AUDIT_WRITE"
        ],
        "Inheritable": [],
        "Permitted": [
          "CAP_CHOWN",
          "CAP_DAC_OVERRIDE",
          "CAP_FSETID",
          "CAP_FOWNER",
          "CAP_MKNOD",
          "CAP_NET_RAW",
          "CAP_SETGID",
          "CAP_SETUID",
          "CAP_SETFCAP",
          "CAP_SETPCAP",
          "CAP_NET_BIND_SERVICE",
          "CAP_SYS_CHROOT",
          "CAP_KILL",
          "CAP_AUDIT_WRITE"
        ],
        "Ambient": []
      },
      "Rlimits": [],
      "NoNewPrivileges": true,
      "ApparmorProfile": "cri-containerd.apparmor.d",
      "OOMScoreAdj": 1000,
      "SelinuxLabel": ""
    },
    "Root": {
      "Path": "/run/kata-containers/507cefbb0fc049f3eb76a94b52f96c83fa670685b5b1d29134975c163fd0ca57/rootfs",
      "Readonly": false
    },
    "Hostname": "",
    "Mounts": [
      {
        "destination": "/proc",
        "source": "proc",
        "type_": "proc",
        "options": ["nosuid", "noexec", "nodev"]
      },
      {
        "destination": "/dev",
        "source": "tmpfs",
        "type_": "tmpfs",
        "options": ["nosuid", "strictatime", "mode=755", "size=65536k"]
      },
      {
        "destination": "/dev/pts",
        "source": "devpts",
        "type_": "devpts",
        "options": [
          "nosuid",
          "noexec",
          "newinstance",
          "ptmxmode=0666",
          "mode=0620",
          "gid=5"
        ]
      },
      {
        "destination": "/dev/mqueue",
        "source": "mqueue",
        "type_": "mqueue",
        "options": ["nosuid", "noexec", "nodev"]
      },
      {
        "destination": "/sys",
        "source": "sysfs",
        "type_": "sysfs",
        "options": ["nosuid", "noexec", "nodev", "ro"]
      },
      {
        "destination": "/sys/fs/cgroup",
        "source": "cgroup",
        "type_": "cgroup",
        "options": ["nosuid", "noexec", "nodev", "relatime", "ro"]
      },
      {
        "destination": "/etc/hosts",
        "source": "/run/kata-containers/shared/containers/507cefbb0fc049f3eb76a94b52f96c83fa670685b5b1d29134975c163fd0ca57-d4e21ad195747226-hosts",
        "type_": "bind",
        "options": ["rbind", "rprivate", "rw"]
      },
      {
        "destination": "/dev/termination-custom-log",
        "source": "/run/kata-containers/shared/containers/507cefbb0fc049f3eb76a94b52f96c83fa670685b5b1d29134975c163fd0ca57-59c8662c42f52807-termination-custom-log",
        "type_": "bind",
        "options": ["rbind", "rprivate", "rw"]
      },
      {
        "destination": "/etc/hostname",
        "source": "/run/kata-containers/shared/containers/507cefbb0fc049f3eb76a94b52f96c83fa670685b5b1d29134975c163fd0ca57-4b990923c2f7e3c0-hostname",
        "type_": "bind",
        "options": ["rbind", "rprivate", "rw"]
      },
      {
        "destination": "/etc/resolv.conf",
        "source": "/run/kata-containers/shared/containers/507cefbb0fc049f3eb76a94b52f96c83fa670685b5b1d29134975c163fd0ca57-69ffe5fd612e5749-resolv.conf",
        "type_": "bind",
        "options": ["rbind", "rprivate", "rw"]
      },
      {
        "destination": "/dev/shm",
        "source": "/run/kata-containers/sandbox/shm",
        "type_": "bind",
        "options": ["rbind"]
      },
      {
        "destination": "/var/run/secrets/kubernetes.io/serviceaccount",
        "source": "/run/kata-containers/shared/containers/507cefbb0fc049f3eb76a94b52f96c83fa670685b5b1d29134975c163fd0ca57-674368da6c2d3535-serviceaccount",
        "type_": "bind",
        "options": ["rbind", "rprivate", "ro"]
      }
    ],
    "Hooks": null,
    "Annotations": {
      "io.kubernetes.cri.image-name": "mcr.microsoft.com/appsvc/go:1.19-bullseye_20230324.1",
      "io.kubernetes.cri.sandbox-id": "6c1131a1b8db304a1d7bf1f1ebcf822980614fa479ac4f5c23a612da509c5abc",
      "io.kubernetes.cri.container-name": "go",
      "io.katacontainers.pkg.oci.bundle_path": "/run/containerd/io.containerd.runtime.v2.task/k8s.io/507cefbb0fc049f3eb76a94b52f96c83fa670685b5b1d29134975c163fd0ca57",
      "io.kubernetes.cri.sandbox-namespace": "default",
      "io.kubernetes.cri.sandbox-uid": "54f52ae7-1d56-4f23-9ec8-1031b136290d",
      "io.katacontainers.pkg.oci.container_type": "pod_container",
      "io.kubernetes.cri.container-type": "container",
      "io.kubernetes.cri.sandbox-name": "three-containers"
    },
    "Linux": {
      "UIDMappings": [],
      "GIDMappings": [],
      "Sysctl": {},
      "Resources": {
        "Devices": [],
        "Memory": {
          "Limit": 0,
          "Reservation": 0,
          "Swap": 0,
          "Kernel": 0,
          "KernelTCP": 0,
          "Swappiness": 0,
          "DisableOOMKiller": false
        },
        "CPU": {
          "Shares": 2,
          "Quota": 0,
          "Period": 100000,
          "RealtimeRuntime": 0,
          "RealtimePeriod": 0,
          "Cpus": "",
          "Mems": ""
        },
        "Pids": null,
        "BlockIO": null,
        "HugepageLimits": [],
        "Network": null
      },
      "CgroupsPath": "/kubepods/besteffort/pod54f52ae7-1d56-4f23-9ec8-1031b136290d/507cefbb0fc049f3eb76a94b52f96c83fa670685b5b1d29134975c163fd0ca57",
      "Namespaces": [
        { "Type": "ipc", "Path": "" },
        { "Type": "uts", "Path": "" },
        { "Type": "mount", "Path": "" }
      ],
      "Devices": [],
      "Seccomp": null,
      "RootfsPropagation": "",
      "MaskedPaths": [
        "/proc/acpi",
        "/proc/kcore",
        "/proc/keys",
        "/proc/latency_stats",
        "/proc/timer_list",
        "/proc/timer_stats",
        "/proc/sched_debug",
        "/proc/scsi",
        "/sys/firmware"
      ],
      "ReadonlyPaths": [
        "/proc/asound",
        "/proc/bus",
        "/proc/fs",
        "/proc/irq",
        "/proc/sys",
        "/proc/sysrq-trigger"
      ],
      "MountLabel": "",
      "IntelRdt": null
    },
    "Solaris": null,
    "Windows": null
  },
  "sandbox_pidns": true,
  "shared_mounts": []
},
    
    "CopyFileRequest": [
      "$(sfprefix)"
    ],
    "ExecProcessRequest": {
      "commands": [],
      "regex": []
    },
    "ReadStreamRequest": true,
    "UpdateEphemeralMountsRequest": false,
    "WriteStreamRequest": false
  }
}
